<html>
<body>
<pre>
<h1>µVision Build Log</h1>
<h2>Tool Versions:</h2>
IDE-Version: µVision V5.36.0.0
Copyright (C) 2021 ARM Ltd and ARM Germany GmbH. All rights reserved.
License Information: Igor Barsux, Barsux industries, LIC=----
 
Tool Versions:
Toolchain:       MDK-Lite  Version: 5.36.0.0
Toolchain Path:  C:\Keil_v5\ARM\ARMCLANG\Bin
C Compiler:      ArmClang.exe V6.16
Assembler:       Armasm.exe V6.16
Linker/Locator:  ArmLink.exe V6.16
Library Manager: ArmAr.exe V6.16
Hex Converter:   FromElf.exe V6.16
CPU DLL:         SARMCM3.DLL V5.36.0.0
Dialog DLL:      DARMCM1.DLL V1.19.4.0
Target DLL:      UL2CM3.DLL V1.164.0.0
Dialog DLL:      TARMCM1.DLL V1.14.4.0
 
<h2>Project:</h2>
H:\ARM\freaks\mdr32-beta\abs.uvprojx
Project File Date:  02/08/2022

<h2>Output:</h2>
*** Using Compiler 'V6.16', folder: 'C:\Keil_v5\ARM\ARMCLANG\Bin'
Rebuild target 'Target 1'
main/base.cpp(1): warning: In file included from...
main/base.h(3): warning: In file included from...
C:/Users/Cizif/AppData/Local/Arm/Packs/Keil/MDR1986BExx/2.0.3/Libraries/CMSIS/MDR32Fx/DeviceSupport/MDR1986VE1T/inc\MDR1986VE1T.h(87): warning: In file included from...
C:/Users/Cizif/AppData/Local/Arm/Packs/Keil/MDR1986BExx/2.0.3/Libraries/CMSIS/MDR32Fx/CoreSupport/CM1\core_cm1.h(131): warning: In file included from...
C:/Users/Cizif/AppData/Local/Arm/Packs/Keil/MDR1986BExx/2.0.3/Libraries/CMSIS/MDR32Fx/CoreSupport/CM1\core_cmFunc.h(426): warning: 'register' storage class specifier is deprecated and incompatible with C++17 [-Wdeprecated-register]
  register uint32_t result;
  ^~~~~~~~~
C:/Users/Cizif/AppData/Local/Arm/Packs/Keil/MDR1986BExx/2.0.3/Libraries/CMSIS/MDR32Fx/CoreSupport/CM1\core_cmFunc.h(453): warning: 'register' storage class specifier is deprecated and incompatible with C++17 [-Wdeprecated-register]
  register uint32_t result;
  ^~~~~~~~~
main/base.cpp(1): warning: In file included from...
main/base.h(3): warning: In file included from...
C:/Users/Cizif/AppData/Local/Arm/Packs/Keil/MDR1986BExx/2.0.3/Libraries/CMSIS/MDR32Fx/DeviceSupport/MDR1986VE1T/inc\MDR1986VE1T.h(854): warning: "Legacy v1.5.3: RST_CLK_PLL_CONTROL_PLL_CPU_PLD_Pos will be replaced by RST_CLK_PLL_CONTROL_PLL_CPU_RLD_Pos" [-W#warnings]
    #warning "Legacy v1.5.3: RST_CLK_PLL_CONTROL_PLL_CPU_PLD_Pos will be replaced by RST_CLK_PLL_CONTROL_PLL_CPU_RLD_Pos"
     ^
C:/Users/Cizif/AppData/Local/Arm/Packs/Keil/MDR1986BExx/2.0.3/Libraries/CMSIS/MDR32Fx/DeviceSupport/MDR1986VE1T/inc\MDR1986VE1T.h(867): warning: "Legacy v1.5.3: RST_CLK_PLL_CONTROL_PLL_CPU_PLD will be replaced by RST_CLK_PLL_CONTROL_PLL_CPU_RLD" [-W#warnings]
    #warning "Legacy v1.5.3: RST_CLK_PLL_CONTROL_PLL_CPU_PLD will be replaced by RST_CLK_PLL_CONTROL_PLL_CPU_RLD"
     ^
main/base.cpp(1): warning: In file included from...
main/base.h(6): warning: In file included from...
C:/Users/Cizif/AppData/Local/Arm/Packs/Keil/MDR1986BExx/2.0.3/Libraries/SPL/MDR32Fx/inc\MDR32F9Qx_uart.h(47): warning: "Legacy v1.5.3: BaudRateStatus enumeration is deprecated. Use @ref ErrorStatus instead" [-W#warnings]
    #warning "Legacy v1.5.3: BaudRateStatus enumeration is deprecated. Use @ref ErrorStatus instead"
     ^
main/base.cpp(1): warning: In file included from...
main/base.h(7): warning: In file included from...
C:/Users/Cizif/AppData/Local/Arm/Packs/Keil/MDR1986BExx/2.0.3/Libraries/SPL/MDR32Fx/inc\MDR32F9Qx_eth.h(518): warning: "Legacy v1.5.3: ETH_ERROR and ETH_SUCCESS will be removed: use @ref ErrorStatus (ERROR as ETH_ERROR, SUCCESS as ETH_SUCCESS)" [-W#warnings]
    #warning "Legacy v1.5.3: ETH_ERROR and ETH_SUCCESS will be removed: use @ref ErrorStatus (ERROR as ETH_ERROR, SUCCESS as ETH_SUCCESS)"
     ^
main/base.cpp(1): warning: In file included from...
main/base.h(8): warning: In file included from...
C:/Users/Cizif/AppData/Local/Arm/Packs/Keil/MDR1986BExx/2.0.3/Libraries/SPL/MDR32Fx/inc\MDR32F9Qx_port.h(225): warning: "Legacy v1.5.3: @ref BitAction enumeration (Bit_RESET, Bit_SET) will be removed. Use @ref BitStatus." [-W#warnings]
    #warning "Legacy v1.5.3: @ref BitAction enumeration (Bit_RESET, Bit_SET) will be removed. Use @ref BitStatus."
     ^
C:/Users/Cizif/AppData/Local/Arm/Packs/Keil/MDR1986BExx/2.0.3/Libraries/SPL/MDR32Fx/inc\MDR32F9Qx_port.h(286): warning: "Legacy v1.5.3: BitAction enumeration (Bit_RESET, Bit_SET) will be removed. In PORT_WriteBit() function use @ref BitStatus instead of @ref BitAction" [-W#warnings]
    #warning "Legacy v1.5.3: BitAction enumeration (Bit_RESET, Bit_SET) will be removed. In PORT_WriteBit() function use @ref BitStatus instead of @ref BitAction"
     ^
main/base.cpp(1): warning: In file included from...
main/base.h(9): warning: In file included from...
C:/Users/Cizif/AppData/Local/Arm/Packs/Keil/MDR1986BExx/2.0.3/Libraries/SPL/MDR32Fx/inc\MDR32F9Qx_timer.h(91): warning: "Legacy v1.5.3: TIMER_EvSrc_None is deprecated and will be removed, use TIMER_EvSrc_TIM_CLK instead" [-W#warnings]
    #warning "Legacy v1.5.3: TIMER_EvSrc_None is deprecated and will be removed, use TIMER_EvSrc_TIM_CLK instead"
     ^
9 warnings generated.
compiling base.cpp...
main/port.cpp(1): warning: In file included from...
main/port.h(3): warning: In file included from...
main/base.h(3): warning: In file included from...
C:/Users/Cizif/AppData/Local/Arm/Packs/Keil/MDR1986BExx/2.0.3/Libraries/CMSIS/MDR32Fx/DeviceSupport/MDR1986VE1T/inc\MDR1986VE1T.h(87): warning: In file included from...
C:/Users/Cizif/AppData/Local/Arm/Packs/Keil/MDR1986BExx/2.0.3/Libraries/CMSIS/MDR32Fx/CoreSupport/CM1\core_cm1.h(131): warning: In file included from...
C:/Users/Cizif/AppData/Local/Arm/Packs/Keil/MDR1986BExx/2.0.3/Libraries/CMSIS/MDR32Fx/CoreSupport/CM1\core_cmFunc.h(426): warning: 'register' storage class specifier is deprecated and incompatible with C++17 [-Wdeprecated-register]
  register uint32_t result;
  ^~~~~~~~~
C:/Users/Cizif/AppData/Local/Arm/Packs/Keil/MDR1986BExx/2.0.3/Libraries/CMSIS/MDR32Fx/CoreSupport/CM1\core_cmFunc.h(453): warning: 'register' storage class specifier is deprecated and incompatible with C++17 [-Wdeprecated-register]
  register uint32_t result;
  ^~~~~~~~~
main/port.cpp(1): warning: In file included from...
main/port.h(3): warning: In file included from...
main/base.h(3): warning: In file included from...
C:/Users/Cizif/AppData/Local/Arm/Packs/Keil/MDR1986BExx/2.0.3/Libraries/CMSIS/MDR32Fx/DeviceSupport/MDR1986VE1T/inc\MDR1986VE1T.h(854): warning: "Legacy v1.5.3: RST_CLK_PLL_CONTROL_PLL_CPU_PLD_Pos will be replaced by RST_CLK_PLL_CONTROL_PLL_CPU_RLD_Pos" [-W#warnings]
    #warning "Legacy v1.5.3: RST_CLK_PLL_CONTROL_PLL_CPU_PLD_Pos will be replaced by RST_CLK_PLL_CONTROL_PLL_CPU_RLD_Pos"
     ^
C:/Users/Cizif/AppData/Local/Arm/Packs/Keil/MDR1986BExx/2.0.3/Libraries/CMSIS/MDR32Fx/DeviceSupport/MDR1986VE1T/inc\MDR1986VE1T.h(867): warning: "Legacy v1.5.3: RST_CLK_PLL_CONTROL_PLL_CPU_PLD will be replaced by RST_CLK_PLL_CONTROL_PLL_CPU_RLD" [-W#warnings]
    #warning "Legacy v1.5.3: RST_CLK_PLL_CONTROL_PLL_CPU_PLD will be replaced by RST_CLK_PLL_CONTROL_PLL_CPU_RLD"
     ^
main/port.cpp(1): warning: In file included from...
main/port.h(3): warning: In file included from...
main/base.h(6): warning: In file included from...
C:/Users/Cizif/AppData/Local/Arm/Packs/Keil/MDR1986BExx/2.0.3/Libraries/SPL/MDR32Fx/inc\MDR32F9Qx_uart.h(47): warning: "Legacy v1.5.3: BaudRateStatus enumeration is deprecated. Use @ref ErrorStatus instead" [-W#warnings]
    #warning "Legacy v1.5.3: BaudRateStatus enumeration is deprecated. Use @ref ErrorStatus instead"
     ^
main/port.cpp(1): warning: In file included from...
main/port.h(3): warning: In file included from...
main/base.h(7): warning: In file included from...
C:/Users/Cizif/AppData/Local/Arm/Packs/Keil/MDR1986BExx/2.0.3/Libraries/SPL/MDR32Fx/inc\MDR32F9Qx_eth.h(518): warning: "Legacy v1.5.3: ETH_ERROR and ETH_SUCCESS will be removed: use @ref ErrorStatus (ERROR as ETH_ERROR, SUCCESS as ETH_SUCCESS)" [-W#warnings]
    #warning "Legacy v1.5.3: ETH_ERROR and ETH_SUCCESS will be removed: use @ref ErrorStatus (ERROR as ETH_ERROR, SUCCESS as ETH_SUCCESS)"
     ^
main/port.cpp(1): warning: In file included from...
main/port.h(3): warning: In file included from...
main/base.h(8): warning: In file included from...
C:/Users/Cizif/AppData/Local/Arm/Packs/Keil/MDR1986BExx/2.0.3/Libraries/SPL/MDR32Fx/inc\MDR32F9Qx_port.h(225): warning: "Legacy v1.5.3: @ref BitAction enumeration (Bit_RESET, Bit_SET) will be removed. Use @ref BitStatus." [-W#warnings]
    #warning "Legacy v1.5.3: @ref BitAction enumeration (Bit_RESET, Bit_SET) will be removed. Use @ref BitStatus."
     ^
C:/Users/Cizif/AppData/Local/Arm/Packs/Keil/MDR1986BExx/2.0.3/Libraries/SPL/MDR32Fx/inc\MDR32F9Qx_port.h(286): warning: "Legacy v1.5.3: BitAction enumeration (Bit_RESET, Bit_SET) will be removed. In PORT_WriteBit() function use @ref BitStatus instead of @ref BitAction" [-W#warnings]
    #warning "Legacy v1.5.3: BitAction enumeration (Bit_RESET, Bit_SET) will be removed. In PORT_WriteBit() function use @ref BitStatus instead of @ref BitAction"
     ^
main/port.cpp(1): warning: In file included from...
main/port.h(3): warning: In file included from...
main/base.h(9): warning: In file included from...
C:/Users/Cizif/AppData/Local/Arm/Packs/Keil/MDR1986BExx/2.0.3/Libraries/SPL/MDR32Fx/inc\MDR32F9Qx_timer.h(91): warning: "Legacy v1.5.3: TIMER_EvSrc_None is deprecated and will be removed, use TIMER_EvSrc_TIM_CLK instead" [-W#warnings]
    #warning "Legacy v1.5.3: TIMER_EvSrc_None is deprecated and will be removed, use TIMER_EvSrc_TIM_CLK instead"
     ^
9 warnings generated.
compiling port.cpp...
main/uart.cpp(1): warning: In file included from...
main/uart.h(4): warning: In file included from...
C:/Users/Cizif/AppData/Local/Arm/Packs/Keil/MDR1986BExx/2.0.3/Libraries/SPL/MDR32Fx/inc\MDR32F9Qx_rst_clk.h(32): warning: In file included from...
./RTE/Device/MDR1986BE1T\MDR32F9Qx_config.h(84): warning: In file included from...
C:/Users/Cizif/AppData/Local/Arm/Packs/Keil/MDR1986BExx/2.0.3/Libraries/CMSIS/MDR32Fx/DeviceSupport/MDR1986VE1T/inc\MDR1986VE1T.h(87): warning: In file included from...
C:/Users/Cizif/AppData/Local/Arm/Packs/Keil/MDR1986BExx/2.0.3/Libraries/CMSIS/MDR32Fx/CoreSupport/CM1\core_cm1.h(131): warning: In file included from...
C:/Users/Cizif/AppData/Local/Arm/Packs/Keil/MDR1986BExx/2.0.3/Libraries/CMSIS/MDR32Fx/CoreSupport/CM1\core_cmFunc.h(426): warning: 'register' storage class specifier is deprecated and incompatible with C++17 [-Wdeprecated-register]
  register uint32_t result;
  ^~~~~~~~~
C:/Users/Cizif/AppData/Local/Arm/Packs/Keil/MDR1986BExx/2.0.3/Libraries/CMSIS/MDR32Fx/CoreSupport/CM1\core_cmFunc.h(453): warning: 'register' storage class specifier is deprecated and incompatible with C++17 [-Wdeprecated-register]
  register uint32_t result;
  ^~~~~~~~~
main/uart.cpp(1): warning: In file included from...
main/uart.h(5): warning: In file included from...
C:/Users/Cizif/AppData/Local/Arm/Packs/Keil/MDR1986BExx/2.0.3/Libraries/SPL/MDR32Fx/inc\MDR32F9Qx_uart.h(47): warning: "Legacy v1.5.3: BaudRateStatus enumeration is deprecated. Use @ref ErrorStatus instead" [-W#warnings]
    #warning "Legacy v1.5.3: BaudRateStatus enumeration is deprecated. Use @ref ErrorStatus instead"
     ^
main/uart.cpp(1): warning: In file included from...
main/uart.h(6): warning: In file included from...
C:/Users/Cizif/AppData/Local/Arm/Packs/Keil/MDR1986BExx/2.0.3/Libraries/SPL/MDR32Fx/inc\MDR32F9Qx_port.h(225): warning: "Legacy v1.5.3: @ref BitAction enumeration (Bit_RESET, Bit_SET) will be removed. Use @ref BitStatus." [-W#warnings]
    #warning "Legacy v1.5.3: @ref BitAction enumeration (Bit_RESET, Bit_SET) will be removed. Use @ref BitStatus."
     ^
C:/Users/Cizif/AppData/Local/Arm/Packs/Keil/MDR1986BExx/2.0.3/Libraries/SPL/MDR32Fx/inc\MDR32F9Qx_port.h(286): warning: "Legacy v1.5.3: BitAction enumeration (Bit_RESET, Bit_SET) will be removed. In PORT_WriteBit() function use @ref BitStatus instead of @ref BitAction" [-W#warnings]
    #warning "Legacy v1.5.3: BitAction enumeration (Bit_RESET, Bit_SET) will be removed. In PORT_WriteBit() function use @ref BitStatus instead of @ref BitAction"
     ^
5 warnings generated.
compiling uart.cpp...
main/ethernet.cpp(1): warning: In file included from...
main/ethernet.h(3): warning: In file included from...
main/tcpip.h(167): warning: In file included from...
main/base.h(3): warning: In file included from...
C:/Users/Cizif/AppData/Local/Arm/Packs/Keil/MDR1986BExx/2.0.3/Libraries/CMSIS/MDR32Fx/DeviceSupport/MDR1986VE1T/inc\MDR1986VE1T.h(87): warning: In file included from...
C:/Users/Cizif/AppData/Local/Arm/Packs/Keil/MDR1986BExx/2.0.3/Libraries/CMSIS/MDR32Fx/CoreSupport/CM1\core_cm1.h(131): warning: In file included from...
C:/Users/Cizif/AppData/Local/Arm/Packs/Keil/MDR1986BExx/2.0.3/Libraries/CMSIS/MDR32Fx/CoreSupport/CM1\core_cmFunc.h(426): warning: 'register' storage class specifier is deprecated and incompatible with C++17 [-Wdeprecated-register]
  register uint32_t result;
  ^~~~~~~~~
C:/Users/Cizif/AppData/Local/Arm/Packs/Keil/MDR1986BExx/2.0.3/Libraries/CMSIS/MDR32Fx/CoreSupport/CM1\core_cmFunc.h(453): warning: 'register' storage class specifier is deprecated and incompatible with C++17 [-Wdeprecated-register]
  register uint32_t result;
  ^~~~~~~~~
main/ethernet.cpp(1): warning: In file included from...
main/ethernet.h(3): warning: In file included from...
main/tcpip.h(167): warning: In file included from...
main/base.h(3): warning: In file included from...
C:/Users/Cizif/AppData/Local/Arm/Packs/Keil/MDR1986BExx/2.0.3/Libraries/CMSIS/MDR32Fx/DeviceSupport/MDR1986VE1T/inc\MDR1986VE1T.h(854): warning: "Legacy v1.5.3: RST_CLK_PLL_CONTROL_PLL_CPU_PLD_Pos will be replaced by RST_CLK_PLL_CONTROL_PLL_CPU_RLD_Pos" [-W#warnings]
    #warning "Legacy v1.5.3: RST_CLK_PLL_CONTROL_PLL_CPU_PLD_Pos will be replaced by RST_CLK_PLL_CONTROL_PLL_CPU_RLD_Pos"
     ^
C:/Users/Cizif/AppData/Local/Arm/Packs/Keil/MDR1986BExx/2.0.3/Libraries/CMSIS/MDR32Fx/DeviceSupport/MDR1986VE1T/inc\MDR1986VE1T.h(867): warning: "Legacy v1.5.3: RST_CLK_PLL_CONTROL_PLL_CPU_PLD will be replaced by RST_CLK_PLL_CONTROL_PLL_CPU_RLD" [-W#warnings]
    #warning "Legacy v1.5.3: RST_CLK_PLL_CONTROL_PLL_CPU_PLD will be replaced by RST_CLK_PLL_CONTROL_PLL_CPU_RLD"
     ^
main/ethernet.cpp(1): warning: In file included from...
main/ethernet.h(3): warning: In file included from...
main/tcpip.h(167): warning: In file included from...
main/base.h(6): warning: In file included from...
C:/Users/Cizif/AppData/Local/Arm/Packs/Keil/MDR1986BExx/2.0.3/Libraries/SPL/MDR32Fx/inc\MDR32F9Qx_uart.h(47): warning: "Legacy v1.5.3: BaudRateStatus enumeration is deprecated. Use @ref ErrorStatus instead" [-W#warnings]
    #warning "Legacy v1.5.3: BaudRateStatus enumeration is deprecated. Use @ref ErrorStatus instead"
     ^
main/ethernet.cpp(1): warning: In file included from...
main/ethernet.h(3): warning: In file included from...
main/tcpip.h(167): warning: In file included from...
main/base.h(7): warning: In file included from...
C:/Users/Cizif/AppData/Local/Arm/Packs/Keil/MDR1986BExx/2.0.3/Libraries/SPL/MDR32Fx/inc\MDR32F9Qx_eth.h(518): warning: "Legacy v1.5.3: ETH_ERROR and ETH_SUCCESS will be removed: use @ref ErrorStatus (ERROR as ETH_ERROR, SUCCESS as ETH_SUCCESS)" [-W#warnings]
    #warning "Legacy v1.5.3: ETH_ERROR and ETH_SUCCESS will be removed: use @ref ErrorStatus (ERROR as ETH_ERROR, SUCCESS as ETH_SUCCESS)"
     ^
main/ethernet.cpp(1): warning: In file included from...
main/ethernet.h(3): warning: In file included from...
main/tcpip.h(167): warning: In file included from...
main/base.h(8): warning: In file included from...
C:/Users/Cizif/AppData/Local/Arm/Packs/Keil/MDR1986BExx/2.0.3/Libraries/SPL/MDR32Fx/inc\MDR32F9Qx_port.h(225): warning: "Legacy v1.5.3: @ref BitAction enumeration (Bit_RESET, Bit_SET) will be removed. Use @ref BitStatus." [-W#warnings]
    #warning "Legacy v1.5.3: @ref BitAction enumeration (Bit_RESET, Bit_SET) will be removed. Use @ref BitStatus."
     ^
C:/Users/Cizif/AppData/Local/Arm/Packs/Keil/MDR1986BExx/2.0.3/Libraries/SPL/MDR32Fx/inc\MDR32F9Qx_port.h(286): warning: "Legacy v1.5.3: BitAction enumeration (Bit_RESET, Bit_SET) will be removed. In PORT_WriteBit() function use @ref BitStatus instead of @ref BitAction" [-W#warnings]
    #warning "Legacy v1.5.3: BitAction enumeration (Bit_RESET, Bit_SET) will be removed. In PORT_WriteBit() function use @ref BitStatus instead of @ref BitAction"
     ^
main/ethernet.cpp(1): warning: In file included from...
main/ethernet.h(3): warning: In file included from...
main/tcpip.h(167): warning: In file included from...
main/base.h(9): warning: In file included from...
C:/Users/Cizif/AppData/Local/Arm/Packs/Keil/MDR1986BExx/2.0.3/Libraries/SPL/MDR32Fx/inc\MDR32F9Qx_timer.h(91): warning: "Legacy v1.5.3: TIMER_EvSrc_None is deprecated and will be removed, use TIMER_EvSrc_TIM_CLK instead" [-W#warnings]
    #warning "Legacy v1.5.3: TIMER_EvSrc_None is deprecated and will be removed, use TIMER_EvSrc_TIM_CLK instead"
     ^
9 warnings generated.
compiling ethernet.cpp...
main/main.cpp(1): warning: In file included from...
main/main.h(4): warning: In file included from...
main/base.h(3): warning: In file included from...
C:/Users/Cizif/AppData/Local/Arm/Packs/Keil/MDR1986BExx/2.0.3/Libraries/CMSIS/MDR32Fx/DeviceSupport/MDR1986VE1T/inc\MDR1986VE1T.h(87): warning: In file included from...
C:/Users/Cizif/AppData/Local/Arm/Packs/Keil/MDR1986BExx/2.0.3/Libraries/CMSIS/MDR32Fx/CoreSupport/CM1\core_cm1.h(131): warning: In file included from...
C:/Users/Cizif/AppData/Local/Arm/Packs/Keil/MDR1986BExx/2.0.3/Libraries/CMSIS/MDR32Fx/CoreSupport/CM1\core_cmFunc.h(426): warning: 'register' storage class specifier is deprecated and incompatible with C++17 [-Wdeprecated-register]
  register uint32_t result;
  ^~~~~~~~~
C:/Users/Cizif/AppData/Local/Arm/Packs/Keil/MDR1986BExx/2.0.3/Libraries/CMSIS/MDR32Fx/CoreSupport/CM1\core_cmFunc.h(453): warning: 'register' storage class specifier is deprecated and incompatible with C++17 [-Wdeprecated-register]
  register uint32_t result;
  ^~~~~~~~~
main/main.cpp(1): warning: In file included from...
main/main.h(4): warning: In file included from...
main/base.h(3): warning: In file included from...
C:/Users/Cizif/AppData/Local/Arm/Packs/Keil/MDR1986BExx/2.0.3/Libraries/CMSIS/MDR32Fx/DeviceSupport/MDR1986VE1T/inc\MDR1986VE1T.h(854): warning: "Legacy v1.5.3: RST_CLK_PLL_CONTROL_PLL_CPU_PLD_Pos will be replaced by RST_CLK_PLL_CONTROL_PLL_CPU_RLD_Pos" [-W#warnings]
    #warning "Legacy v1.5.3: RST_CLK_PLL_CONTROL_PLL_CPU_PLD_Pos will be replaced by RST_CLK_PLL_CONTROL_PLL_CPU_RLD_Pos"
     ^
C:/Users/Cizif/AppData/Local/Arm/Packs/Keil/MDR1986BExx/2.0.3/Libraries/CMSIS/MDR32Fx/DeviceSupport/MDR1986VE1T/inc\MDR1986VE1T.h(867): warning: "Legacy v1.5.3: RST_CLK_PLL_CONTROL_PLL_CPU_PLD will be replaced by RST_CLK_PLL_CONTROL_PLL_CPU_RLD" [-W#warnings]
    #warning "Legacy v1.5.3: RST_CLK_PLL_CONTROL_PLL_CPU_PLD will be replaced by RST_CLK_PLL_CONTROL_PLL_CPU_RLD"
     ^
main/main.cpp(1): warning: In file included from...
main/main.h(4): warning: In file included from...
main/base.h(6): warning: In file included from...
C:/Users/Cizif/AppData/Local/Arm/Packs/Keil/MDR1986BExx/2.0.3/Libraries/SPL/MDR32Fx/inc\MDR32F9Qx_uart.h(47): warning: "Legacy v1.5.3: BaudRateStatus enumeration is deprecated. Use @ref ErrorStatus instead" [-W#warnings]
    #warning "Legacy v1.5.3: BaudRateStatus enumeration is deprecated. Use @ref ErrorStatus instead"
     ^
main/main.cpp(1): warning: In file included from...
main/main.h(4): warning: In file included from...
main/base.h(7): warning: In file included from...
C:/Users/Cizif/AppData/Local/Arm/Packs/Keil/MDR1986BExx/2.0.3/Libraries/SPL/MDR32Fx/inc\MDR32F9Qx_eth.h(518): warning: "Legacy v1.5.3: ETH_ERROR and ETH_SUCCESS will be removed: use @ref ErrorStatus (ERROR as ETH_ERROR, SUCCESS as ETH_SUCCESS)" [-W#warnings]
    #warning "Legacy v1.5.3: ETH_ERROR and ETH_SUCCESS will be removed: use @ref ErrorStatus (ERROR as ETH_ERROR, SUCCESS as ETH_SUCCESS)"
     ^
main/main.cpp(1): warning: In file included from...
main/main.h(4): warning: In file included from...
main/base.h(8): warning: In file included from...
C:/Users/Cizif/AppData/Local/Arm/Packs/Keil/MDR1986BExx/2.0.3/Libraries/SPL/MDR32Fx/inc\MDR32F9Qx_port.h(225): warning: "Legacy v1.5.3: @ref BitAction enumeration (Bit_RESET, Bit_SET) will be removed. Use @ref BitStatus." [-W#warnings]
    #warning "Legacy v1.5.3: @ref BitAction enumeration (Bit_RESET, Bit_SET) will be removed. Use @ref BitStatus."
     ^
C:/Users/Cizif/AppData/Local/Arm/Packs/Keil/MDR1986BExx/2.0.3/Libraries/SPL/MDR32Fx/inc\MDR32F9Qx_port.h(286): warning: "Legacy v1.5.3: BitAction enumeration (Bit_RESET, Bit_SET) will be removed. In PORT_WriteBit() function use @ref BitStatus instead of @ref BitAction" [-W#warnings]
    #warning "Legacy v1.5.3: BitAction enumeration (Bit_RESET, Bit_SET) will be removed. In PORT_WriteBit() function use @ref BitStatus instead of @ref BitAction"
     ^
main/main.cpp(1): warning: In file included from...
main/main.h(4): warning: In file included from...
main/base.h(9): warning: In file included from...
C:/Users/Cizif/AppData/Local/Arm/Packs/Keil/MDR1986BExx/2.0.3/Libraries/SPL/MDR32Fx/inc\MDR32F9Qx_timer.h(91): warning: "Legacy v1.5.3: TIMER_EvSrc_None is deprecated and will be removed, use TIMER_EvSrc_TIM_CLK instead" [-W#warnings]
    #warning "Legacy v1.5.3: TIMER_EvSrc_None is deprecated and will be removed, use TIMER_EvSrc_TIM_CLK instead"
     ^
main/main.cpp(23): warning: ISO C++11 does not allow conversion from string literal to 'char *' [-Wwritable-strings]
        PRINT("==================INITS==================");
              ^
main/main.cpp(24): warning: ISO C++11 does not allow conversion from string literal to 'char *' [-Wwritable-strings]
        PRINT("UART INIT SUCSCESSFUL");
              ^
main/main.cpp(26): warning: ISO C++11 does not allow conversion from string literal to 'char *' [-Wwritable-strings]
        PRINT("ETH INIT SUCSCESSFUL");
              ^
main/main.cpp(27): warning: ISO C++11 does not allow conversion from string literal to 'char *' [-Wwritable-strings]
        PRINT("=================/INITS==================");
              ^
main/main.cpp(28): warning: ISO C++11 does not allow conversion from string literal to 'char *' [-Wwritable-strings]
        PRINT("%d", SystemCoreClock);
              ^
main/main.cpp(32): warning: ISO C++11 does not allow conversion from string literal to 'char *' [-Wwritable-strings]
        PRINT("MAIN WOID BEGIN");
              ^
main/main.cpp(46): warning: ISO C++11 does not allow conversion from string literal to 'char *' [-Wwritable-strings]
                        PRINT("BLINK");
                              ^
16 warnings generated.
compiling main.cpp...
assembling startup_MDR1986VE1T.S...
main/tcpip.cpp(28): warning: In file included from...
main/tcpip.h(167): warning: In file included from...
main/base.h(3): warning: In file included from...
C:/Users/Cizif/AppData/Local/Arm/Packs/Keil/MDR1986BExx/2.0.3/Libraries/CMSIS/MDR32Fx/DeviceSupport/MDR1986VE1T/inc\MDR1986VE1T.h(87): warning: In file included from...
C:/Users/Cizif/AppData/Local/Arm/Packs/Keil/MDR1986BExx/2.0.3/Libraries/CMSIS/MDR32Fx/CoreSupport/CM1\core_cm1.h(131): warning: In file included from...
C:/Users/Cizif/AppData/Local/Arm/Packs/Keil/MDR1986BExx/2.0.3/Libraries/CMSIS/MDR32Fx/CoreSupport/CM1\core_cmFunc.h(426): warning: 'register' storage class specifier is deprecated and incompatible with C++17 [-Wdeprecated-register]
  register uint32_t result;
  ^~~~~~~~~
C:/Users/Cizif/AppData/Local/Arm/Packs/Keil/MDR1986BExx/2.0.3/Libraries/CMSIS/MDR32Fx/CoreSupport/CM1\core_cmFunc.h(453): warning: 'register' storage class specifier is deprecated and incompatible with C++17 [-Wdeprecated-register]
  register uint32_t result;
  ^~~~~~~~~
main/tcpip.cpp(28): warning: In file included from...
main/tcpip.h(167): warning: In file included from...
main/base.h(3): warning: In file included from...
C:/Users/Cizif/AppData/Local/Arm/Packs/Keil/MDR1986BExx/2.0.3/Libraries/CMSIS/MDR32Fx/DeviceSupport/MDR1986VE1T/inc\MDR1986VE1T.h(854): warning: "Legacy v1.5.3: RST_CLK_PLL_CONTROL_PLL_CPU_PLD_Pos will be replaced by RST_CLK_PLL_CONTROL_PLL_CPU_RLD_Pos" [-W#warnings]
    #warning "Legacy v1.5.3: RST_CLK_PLL_CONTROL_PLL_CPU_PLD_Pos will be replaced by RST_CLK_PLL_CONTROL_PLL_CPU_RLD_Pos"
     ^
C:/Users/Cizif/AppData/Local/Arm/Packs/Keil/MDR1986BExx/2.0.3/Libraries/CMSIS/MDR32Fx/DeviceSupport/MDR1986VE1T/inc\MDR1986VE1T.h(867): warning: "Legacy v1.5.3: RST_CLK_PLL_CONTROL_PLL_CPU_PLD will be replaced by RST_CLK_PLL_CONTROL_PLL_CPU_RLD" [-W#warnings]
    #warning "Legacy v1.5.3: RST_CLK_PLL_CONTROL_PLL_CPU_PLD will be replaced by RST_CLK_PLL_CONTROL_PLL_CPU_RLD"
     ^
main/tcpip.cpp(28): warning: In file included from...
main/tcpip.h(167): warning: In file included from...
main/base.h(6): warning: In file included from...
C:/Users/Cizif/AppData/Local/Arm/Packs/Keil/MDR1986BExx/2.0.3/Libraries/SPL/MDR32Fx/inc\MDR32F9Qx_uart.h(47): warning: "Legacy v1.5.3: BaudRateStatus enumeration is deprecated. Use @ref ErrorStatus instead" [-W#warnings]
    #warning "Legacy v1.5.3: BaudRateStatus enumeration is deprecated. Use @ref ErrorStatus instead"
     ^
main/tcpip.cpp(28): warning: In file included from...
main/tcpip.h(167): warning: In file included from...
main/base.h(7): warning: In file included from...
C:/Users/Cizif/AppData/Local/Arm/Packs/Keil/MDR1986BExx/2.0.3/Libraries/SPL/MDR32Fx/inc\MDR32F9Qx_eth.h(518): warning: "Legacy v1.5.3: ETH_ERROR and ETH_SUCCESS will be removed: use @ref ErrorStatus (ERROR as ETH_ERROR, SUCCESS as ETH_SUCCESS)" [-W#warnings]
    #warning "Legacy v1.5.3: ETH_ERROR and ETH_SUCCESS will be removed: use @ref ErrorStatus (ERROR as ETH_ERROR, SUCCESS as ETH_SUCCESS)"
     ^
main/tcpip.cpp(28): warning: In file included from...
main/tcpip.h(167): warning: In file included from...
main/base.h(8): warning: In file included from...
C:/Users/Cizif/AppData/Local/Arm/Packs/Keil/MDR1986BExx/2.0.3/Libraries/SPL/MDR32Fx/inc\MDR32F9Qx_port.h(225): warning: "Legacy v1.5.3: @ref BitAction enumeration (Bit_RESET, Bit_SET) will be removed. Use @ref BitStatus." [-W#warnings]
    #warning "Legacy v1.5.3: @ref BitAction enumeration (Bit_RESET, Bit_SET) will be removed. Use @ref BitStatus."
     ^
C:/Users/Cizif/AppData/Local/Arm/Packs/Keil/MDR1986BExx/2.0.3/Libraries/SPL/MDR32Fx/inc\MDR32F9Qx_port.h(286): warning: "Legacy v1.5.3: BitAction enumeration (Bit_RESET, Bit_SET) will be removed. In PORT_WriteBit() function use @ref BitStatus instead of @ref BitAction" [-W#warnings]
    #warning "Legacy v1.5.3: BitAction enumeration (Bit_RESET, Bit_SET) will be removed. In PORT_WriteBit() function use @ref BitStatus instead of @ref BitAction"
     ^
main/tcpip.cpp(28): warning: In file included from...
main/tcpip.h(167): warning: In file included from...
main/base.h(9): warning: In file included from...
C:/Users/Cizif/AppData/Local/Arm/Packs/Keil/MDR1986BExx/2.0.3/Libraries/SPL/MDR32Fx/inc\MDR32F9Qx_timer.h(91): warning: "Legacy v1.5.3: TIMER_EvSrc_None is deprecated and will be removed, use TIMER_EvSrc_TIM_CLK instead" [-W#warnings]
    #warning "Legacy v1.5.3: TIMER_EvSrc_None is deprecated and will be removed, use TIMER_EvSrc_TIM_CLK instead"
     ^
main/tcpip.cpp(227): warning: 7 enumeration values not handled in switch: 'CLOSED', 'FIN_WAIT_1', 'FIN_WAIT_2'... [-Wswitch]
    switch (TCPStateMachine){
            ^
main/tcpip.cpp(326): warning: 6 enumeration values not handled in switch: 'SYN_SENT', 'FIN_WAIT_1', 'FIN_WAIT_2'... [-Wswitch]
        switch (TCPStateMachine) {
                ^
main/tcpip.cpp(658): warning: 6 enumeration values not handled in switch: 'CLOSED', 'LISTENING', 'SYN_SENT'... [-Wswitch]
                                switch (TCPStateMachine){                                               // change state if necessary
                                        ^
main/tcpip.cpp(696): warning: 6 enumeration values not handled in switch: 'CLOSED', 'LISTENING', 'SYN_SENT'... [-Wswitch]
                                switch (TCPStateMachine) {
                                        ^
main/tcpip.cpp(987): warning: multiple unsequenced modifications to 'Ident' [-Wunsequenced]
        *(uint16_t *) &ptr_OutFrame[IP_IDENT_OFS]               = SWAPB(Ident++);
                                                                             ^~
main/tcpip.h(170): note: expanded from macro 'SWAPB'
#define SWAPB(Word)          ((uint16_t)((Word) << 8) | ((Word) >> 8))
                                          ^               ~~~~
14 warnings generated.
compiling tcpip.cpp...
RTE/Device/MDR1986BE1T/system_MDR1986VE1T.c(22): warning: In file included from...
C:/Users/Cizif/AppData/Local/Arm/Packs/Keil/MDR1986BExx/2.0.3/Libraries/CMSIS/MDR32Fx/DeviceSupport/MDR1986VE1T/inc\MDR1986VE1T.h(854): warning: "Legacy v1.5.3: RST_CLK_PLL_CONTROL_PLL_CPU_PLD_Pos will be replaced by RST_CLK_PLL_CONTROL_PLL_CPU_RLD_Pos" [-W#warnings]
    #warning "Legacy v1.5.3: RST_CLK_PLL_CONTROL_PLL_CPU_PLD_Pos will be replaced by RST_CLK_PLL_CONTROL_PLL_CPU_RLD_Pos"
     ^
C:/Users/Cizif/AppData/Local/Arm/Packs/Keil/MDR1986BExx/2.0.3/Libraries/CMSIS/MDR32Fx/DeviceSupport/MDR1986VE1T/inc\MDR1986VE1T.h(867): warning: "Legacy v1.5.3: RST_CLK_PLL_CONTROL_PLL_CPU_PLD will be replaced by RST_CLK_PLL_CONTROL_PLL_CPU_RLD" [-W#warnings]
    #warning "Legacy v1.5.3: RST_CLK_PLL_CONTROL_PLL_CPU_PLD will be replaced by RST_CLK_PLL_CONTROL_PLL_CPU_RLD"
     ^
2 warnings generated.
compiling system_MDR1986VE1T.c...
compiling MDR32F9Qx_dma.c...
C:/Users/Cizif/AppData/Local/Arm/Packs/Keil/MDR1986BExx/2.0.3/Libraries/SPL/MDR32Fx/src/MDR32F9Qx_eth.c(24): warning: In file included from...
C:/Users/Cizif/AppData/Local/Arm/Packs/Keil/MDR1986BExx/2.0.3/Libraries/SPL/MDR32Fx/inc\MDR32F9Qx_eth.h(518): warning: "Legacy v1.5.3: ETH_ERROR and ETH_SUCCESS will be removed: use @ref ErrorStatus (ERROR as ETH_ERROR, SUCCESS as ETH_SUCCESS)" [-W#warnings]
    #warning "Legacy v1.5.3: ETH_ERROR and ETH_SUCCESS will be removed: use @ref ErrorStatus (ERROR as ETH_ERROR, SUCCESS as ETH_SUCCESS)"
     ^
1 warning generated.
compiling MDR32F9Qx_eth.c...
C:/Users/Cizif/AppData/Local/Arm/Packs/Keil/MDR1986BExx/2.0.3/Libraries/SPL/MDR32Fx/src/MDR32F9Qx_port.c(23): warning: In file included from...
C:/Users/Cizif/AppData/Local/Arm/Packs/Keil/MDR1986BExx/2.0.3/Libraries/SPL/MDR32Fx/inc\MDR32F9Qx_port.h(225): warning: "Legacy v1.5.3: @ref BitAction enumeration (Bit_RESET, Bit_SET) will be removed. Use @ref BitStatus." [-W#warnings]
    #warning "Legacy v1.5.3: @ref BitAction enumeration (Bit_RESET, Bit_SET) will be removed. Use @ref BitStatus."
     ^
C:/Users/Cizif/AppData/Local/Arm/Packs/Keil/MDR1986BExx/2.0.3/Libraries/SPL/MDR32Fx/inc\MDR32F9Qx_port.h(286): warning: "Legacy v1.5.3: BitAction enumeration (Bit_RESET, Bit_SET) will be removed. In PORT_WriteBit() function use @ref BitStatus instead of @ref BitAction" [-W#warnings]
    #warning "Legacy v1.5.3: BitAction enumeration (Bit_RESET, Bit_SET) will be removed. In PORT_WriteBit() function use @ref BitStatus instead of @ref BitAction"
     ^
2 warnings generated.
compiling MDR32F9Qx_port.c...
C:/Users/Cizif/AppData/Local/Arm/Packs/Keil/MDR1986BExx/2.0.3/Libraries/SPL/MDR32Fx/src/MDR32F9Qx_rst_clk.c(37): warning: "Legacy v1.5.3: Clock frequencies and timeouts will be removed from MDR32F9Qx_rst_clk.c. Use definitions in MDR32F9Qx_config.h" [-W#warnings]
    #warning "Legacy v1.5.3: Clock frequencies and timeouts will be removed from MDR32F9Qx_rst_clk.c. Use definitions in MDR32F9Qx_config.h"
     ^
1 warning generated.
compiling MDR32F9Qx_rst_clk.c...
C:/Users/Cizif/AppData/Local/Arm/Packs/Keil/MDR1986BExx/2.0.3/Libraries/SPL/MDR32Fx/src/MDR32F9Qx_timer.c(23): warning: In file included from...
C:/Users/Cizif/AppData/Local/Arm/Packs/Keil/MDR1986BExx/2.0.3/Libraries/SPL/MDR32Fx/inc\MDR32F9Qx_timer.h(91): warning: "Legacy v1.5.3: TIMER_EvSrc_None is deprecated and will be removed, use TIMER_EvSrc_TIM_CLK instead" [-W#warnings]
    #warning "Legacy v1.5.3: TIMER_EvSrc_None is deprecated and will be removed, use TIMER_EvSrc_TIM_CLK instead"
     ^
1 warning generated.
compiling MDR32F9Qx_timer.c...
C:/Users/Cizif/AppData/Local/Arm/Packs/Keil/MDR1986BExx/2.0.3/Libraries/SPL/MDR32Fx/src/MDR32F9Qx_uart.c(23): warning: In file included from...
C:/Users/Cizif/AppData/Local/Arm/Packs/Keil/MDR1986BExx/2.0.3/Libraries/SPL/MDR32Fx/inc\MDR32F9Qx_uart.h(47): warning: "Legacy v1.5.3: BaudRateStatus enumeration is deprecated. Use @ref ErrorStatus instead" [-W#warnings]
    #warning "Legacy v1.5.3: BaudRateStatus enumeration is deprecated. Use @ref ErrorStatus instead"
     ^
1 warning generated.
compiling MDR32F9Qx_uart.c...
linking...
Program Size: Code=13860 RO-data=776 RW-data=6144 ZI-data=8368  
FromELF: creating hex file...
".\Objects\abs.axf" - 0 Error(s), 70 Warning(s).

<h2>Software Packages used:</h2>

Package Vendor: Keil
                https://ic.milandr.ru/soft/Keil.MDR1986BExx.2.0.3.pack
                Keil.MDR1986BExx.2.0.3
                Milandr MDR1986BExx Series Device Support, Drivers and Examples
   * Component: Startup Variant: 1. Rev.6+ Version: 2.0.3
   * Component: DMA Version: 2.0.3
   * Component: Ethernet Version: 2.0.3
   * Component: PORT Version: 2.0.3
   * Component: RST_CLK Version: 2.0.3
   * Component: TIMER Version: 2.0.3
   * Component: UART Version: 2.0.3

<h2>Collection of Component include folders:</h2>
  .\RTE\Device\MDR1986BE1T
  .\RTE\_Target_1
  C:\Users\Cizif\AppData\Local\Arm\Packs\Keil\MDR1986BExx\2.0.3\Libraries\CMSIS\MDR32Fx\CoreSupport\CM1
  C:\Users\Cizif\AppData\Local\Arm\Packs\Keil\MDR1986BExx\2.0.3\Libraries\CMSIS\MDR32Fx\DeviceSupport\MDR1986VE1T\inc
  C:\Users\Cizif\AppData\Local\Arm\Packs\Keil\MDR1986BExx\2.0.3\Libraries\SPL\MDR32Fx\inc

<h2>Collection of Component Files used:</h2>

   * Component: Keil::Device:Startup:1. Rev.6+:2.0.3
      Include file:  Libraries\SPL\MDR32Fx\inc\IRQ_Handler_Template\MDR1986VE1T_IT.h
      Include file:  Libraries\CMSIS\MDR32Fx\DeviceSupport\MDR1986VE1T\inc\MDR1986VE1T.h
      Include file:  Libraries\SPL\MDR32Fx\MDR32F9Qx_config.h
      Include file:  Libraries\CMSIS\MDR32Fx\CoreSupport\CM1\core_cm1.h
      Source file:   Libraries\CMSIS\MDR32Fx\DeviceSupport\MDR1986VE1T\startup\arm\startup_MDR1986VE1T.S
      Include file:  Libraries\CMSIS\MDR32Fx\DeviceSupport\MDR1986VE1T\startup\arm\system_MDR1986VE1T.h
      Source file:   Libraries\SPL\MDR32Fx\src\IRQ_Handler_Template\MDR1986VE1T_IT.c
      Source file:   Libraries\CMSIS\MDR32Fx\DeviceSupport\MDR1986VE1T\startup\arm\system_MDR1986VE1T.c

   * Component: Keil::Drivers:DMA:2.0.3
      Include file:  Libraries\SPL\MDR32Fx\inc\MDR32F9Qx_dma.h
      Source file:   Libraries\SPL\MDR32Fx\src\MDR32F9Qx_dma.c

   * Component: Keil::Drivers:Ethernet:2.0.3
      Include file:  Libraries\SPL\MDR32Fx\inc\MDR32F9Qx_eth.h
      Source file:   Libraries\SPL\MDR32Fx\src\MDR32F9Qx_eth.c

   * Component: Keil::Drivers:PORT:2.0.3
      Include file:  Libraries\SPL\MDR32Fx\inc\MDR32F9Qx_port.h
      Source file:   Libraries\SPL\MDR32Fx\src\MDR32F9Qx_port.c

   * Component: Keil::Drivers:RST_CLK:2.0.3
      Include file:  Libraries\SPL\MDR32Fx\inc\MDR32F9Qx_rst_clk.h
      Source file:   Libraries\SPL\MDR32Fx\src\MDR32F9Qx_rst_clk.c

   * Component: Keil::Drivers:TIMER:2.0.3
      Source file:   Libraries\SPL\MDR32Fx\src\MDR32F9Qx_timer.c
      Include file:  Libraries\SPL\MDR32Fx\inc\MDR32F9Qx_timer.h

   * Component: Keil::Drivers:UART:2.0.3
      Source file:   Libraries\SPL\MDR32Fx\src\MDR32F9Qx_uart.c
      Include file:  Libraries\SPL\MDR32Fx\inc\MDR32F9Qx_uart.h
Build Time Elapsed:  00:00:04
</pre>
</body>
</html>
