Component: ARM Compiler 6.16 Tool: armlink [5dfeaa00]

==============================================================================

Section Cross References

    main.o(.text.main) refers to ethernet.o(.text._Z8eth_initRA6_h) for eth_init(unsigned char (&) [6])
    main.o(.text.main) refers to ethernet.o(.text._Z10debug_evalP20MDR_ETHERNET_TypeDef) for debug_eval(MDR_ETHERNET_TypeDef*)
    main.o(.text.main) refers to tcpip.o(.text._Z14DoNetworkStuffP20MDR_ETHERNET_TypeDef) for DoNetworkStuff(MDR_ETHERNET_TypeDef*)
    main.o(.text.main) refers to uart.o(.text._Z7sendstrPcz) for sendstr(char*, ...)
    main.o(.ARM.exidx.text.main) refers to main.o(.text.main) for [Anonymous Symbol]
    port.o(.ARM.exidx.text._Z9port_initv) refers to port.o(.text._Z9port_initv) for [Anonymous Symbol]
    uart.o(.text._Z12uart_tx_initv) refers to mdr32f9qx_rst_clk.o(.text.RST_CLK_PCLKcmd) for RST_CLK_PCLKcmd
    uart.o(.text._Z12uart_tx_initv) refers to mdr32f9qx_port.o(.text.PORT_Init) for PORT_Init
    uart.o(.text._Z12uart_tx_initv) refers to mdr32f9qx_uart.o(.text.UART_BRGInit) for UART_BRGInit
    uart.o(.text._Z12uart_tx_initv) refers to mdr32f9qx_uart.o(.text.UART_Init) for UART_Init
    uart.o(.text._Z12uart_tx_initv) refers to mdr32f9qx_uart.o(.text.UART_Cmd) for UART_Cmd
    uart.o(.text._Z12uart_tx_initv) refers to uart.o(.bss.init) for init
    uart.o(.ARM.exidx.text._Z12uart_tx_initv) refers to uart.o(.text._Z12uart_tx_initv) for [Anonymous Symbol]
    uart.o(.text._Z8sendchari) refers to mdr32f9qx_uart.o(.text.UART_GetFlagStatus) for UART_GetFlagStatus
    uart.o(.text._Z8sendchari) refers to mdr32f9qx_uart.o(.text.UART_SendData) for UART_SendData
    uart.o(.ARM.exidx.text._Z8sendchari) refers to uart.o(.text._Z8sendchari) for [Anonymous Symbol]
    uart.o(.text._Z7sendstrPcz) refers to vsnprintf.o(.text) for vsnprintf
    uart.o(.text._Z7sendstrPcz) refers to uart.o(.text._Z12uart_tx_initv) for uart_tx_init()
    uart.o(.text._Z7sendstrPcz) refers to uart.o(.text._Z8sendchari) for sendchar(int)
    uart.o(.text._Z7sendstrPcz) refers to uart.o(.bss.init) for init
    uart.o(.ARM.exidx.text._Z7sendstrPcz) refers to uart.o(.text._Z7sendstrPcz) for [Anonymous Symbol]
    ethernet.o(.text._Z8eth_initRA6_h) refers to mdr32f9qx_eth.o(.text.ETH_ClockDeInit) for ETH_ClockDeInit
    ethernet.o(.text._Z8eth_initRA6_h) refers to mdr32f9qx_eth.o(.text.ETH_PHY_ClockConfig) for ETH_PHY_ClockConfig
    ethernet.o(.text._Z8eth_initRA6_h) refers to mdr32f9qx_rst_clk.o(.text.RST_CLK_PCLKcmd) for RST_CLK_PCLKcmd
    ethernet.o(.text._Z8eth_initRA6_h) refers to mdr32f9qx_rst_clk.o(.text.RST_CLK_HSE2config) for RST_CLK_HSE2config
    ethernet.o(.text._Z8eth_initRA6_h) refers to mdr32f9qx_rst_clk.o(.text.RST_CLK_HSE2status) for RST_CLK_HSE2status
    ethernet.o(.text._Z8eth_initRA6_h) refers to mdr32f9qx_eth.o(.text.ETH_BRGInit) for ETH_BRGInit
    ethernet.o(.text._Z8eth_initRA6_h) refers to mdr32f9qx_eth.o(.text.ETH_ClockCMD) for ETH_ClockCMD
    ethernet.o(.text._Z8eth_initRA6_h) refers to mdr32f9qx_eth.o(.text.ETH_DeInit) for ETH_DeInit
    ethernet.o(.text._Z8eth_initRA6_h) refers to mdr32f9qx_eth.o(.text.ETH_StructInit) for ETH_StructInit
    ethernet.o(.text._Z8eth_initRA6_h) refers to mdr32f9qx_eth.o(.text.ETH_Init) for ETH_Init
    ethernet.o(.text._Z8eth_initRA6_h) refers to tcpip.o(.text._Z15TCPLowLevelInitv) for TCPLowLevelInit()
    ethernet.o(.text._Z8eth_initRA6_h) refers to mdr32f9qx_eth.o(.text.ETH_PHYCmd) for ETH_PHYCmd
    ethernet.o(.text._Z8eth_initRA6_h) refers to mdr32f9qx_eth.o(.text.ETH_Start) for ETH_Start
    ethernet.o(.ARM.exidx.text._Z8eth_initRA6_h) refers to ethernet.o(.text._Z8eth_initRA6_h) for [Anonymous Symbol]
    ethernet.o(.text._Z10debug_evalP20MDR_ETHERNET_TypeDef) refers to mdr32f9qx_eth.o(.text.ETH_GetMACITStatusRegister) for ETH_GetMACITStatusRegister
    ethernet.o(.text._Z10debug_evalP20MDR_ETHERNET_TypeDef) refers to mdr32f9qx_eth.o(.text.ETH_ReceivedFrame) for ETH_ReceivedFrame
    ethernet.o(.text._Z10debug_evalP20MDR_ETHERNET_TypeDef) refers to tcpip.o(.text._Z17ProcessEthIAFramePjj) for ProcessEthIAFrame(unsigned int*, unsigned int)
    ethernet.o(.text._Z10debug_evalP20MDR_ETHERNET_TypeDef) refers to tcpip.o(.text._Z24ProcessEthBroadcastFramePjj) for ProcessEthBroadcastFrame(unsigned int*, unsigned int)
    ethernet.o(.ARM.exidx.text._Z10debug_evalP20MDR_ETHERNET_TypeDef) refers to ethernet.o(.text._Z10debug_evalP20MDR_ETHERNET_TypeDef) for [Anonymous Symbol]
    tcpip.o(.ARM.exidx.text._Z13CopyFromFramePvPtj) refers to tcpip.o(.text._Z13CopyFromFramePvPtj) for [Anonymous Symbol]
    tcpip.o(.text._Z10TCPIP_initv) refers to tcpip.o(.text._Z15TCPLowLevelInitv) for TCPLowLevelInit()
    tcpip.o(.text._Z10TCPIP_initv) refers to tcpip.o(.bss.TCPStateMachine) for TCPStateMachine
    tcpip.o(.ARM.exidx.text._Z10TCPIP_initv) refers to tcpip.o(.text._Z10TCPIP_initv) for [Anonymous Symbol]
[...]
    __arm_cp.11_1                            0x00002e58   Number         4  tcpip.o(.text._Z15TCPClockHandlerv)
    [Anonymous Symbol]                       0x00002e5c   Section        0  tcpip.o(.text._Z15TCPLowLevelInitv)
    __arm_cp.2_1                             0x00002ec8   Number         4  tcpip.o(.text._Z15TCPLowLevelInitv)
    __arm_cp.2_2                             0x00002ecc   Number         4  tcpip.o(.text._Z15TCPLowLevelInitv)
    __arm_cp.2_3                             0x00002ed0   Number         4  tcpip.o(.text._Z15TCPLowLevelInitv)
    __arm_cp.2_4                             0x00002ed4   Number         4  tcpip.o(.text._Z15TCPLowLevelInitv)
    __arm_cp.2_5                             0x00002ed8   Number         4  tcpip.o(.text._Z15TCPLowLevelInitv)
    __arm_cp.2_7                             0x00002edc   Number         4  tcpip.o(.text._Z15TCPLowLevelInitv)
    __arm_cp.2_8                             0x00002ee0   Number         4  tcpip.o(.text._Z15TCPLowLevelInitv)
    [Anonymous Symbol]                       0x00002ee4   Section        0  tcpip.o(.text._Z15TCPRestartTimerv)
    __arm_cp.12_0                            0x00002eec   Number         4  tcpip.o(.text._Z15TCPRestartTimerv)
    [Anonymous Symbol]                       0x00002ef0   Section        0  tcpip.o(.text._Z16CalcChecksum_TCPPvS_tjh)
    __arm_cp.29_0                            0x00002f70   Number         4  tcpip.o(.text._Z16CalcChecksum_TCPPvS_tjh)
    __arm_cp.29_1                            0x00002f74   Number         4  tcpip.o(.text._Z16CalcChecksum_TCPPvS_tjh)
    __arm_cp.29_2                            0x00002f78   Number         4  tcpip.o(.text._Z16CalcChecksum_TCPPvS_tjh)
    [Anonymous Symbol]                       0x00002f7c   Section        0  tcpip.o(.text._Z16PrepareTCP_FRAMEt)
    __arm_cp.16_1                            0x00003084   Number         4  tcpip.o(.text._Z16PrepareTCP_FRAMEt)
    __arm_cp.16_4                            0x00003088   Number         4  tcpip.o(.text._Z16PrepareTCP_FRAMEt)
    __arm_cp.16_5                            0x0000308c   Number         4  tcpip.o(.text._Z16PrepareTCP_FRAMEt)
    __arm_cp.16_6                            0x00003090   Number         4  tcpip.o(.text._Z16PrepareTCP_FRAMEt)
    __arm_cp.16_7                            0x00003094   Number         4  tcpip.o(.text._Z16PrepareTCP_FRAMEt)
    __arm_cp.16_9                            0x00003098   Number         4  tcpip.o(.text._Z16PrepareTCP_FRAMEt)
    __arm_cp.16_10                           0x0000309c   Number         4  tcpip.o(.text._Z16PrepareTCP_FRAMEt)
    __arm_cp.16_11                           0x000030a0   Number         4  tcpip.o(.text._Z16PrepareTCP_FRAMEt)
    __arm_cp.16_12                           0x000030a4   Number         4  tcpip.o(.text._Z16PrepareTCP_FRAMEt)
    __arm_cp.16_13                           0x000030a8   Number         4  tcpip.o(.text._Z16PrepareTCP_FRAMEt)
    __arm_cp.16_14                           0x000030ac   Number         4  tcpip.o(.text._Z16PrepareTCP_FRAMEt)
    __arm_cp.16_15                           0x000030b0   Number         4  tcpip.o(.text._Z16PrepareTCP_FRAMEt)
    [Anonymous Symbol]                       0x000030b4   Section        0  tcpip.o(.text._Z16ProcessICMPFramev)
    [Anonymous Symbol]                       0x000030d0   Section        0  tcpip.o(.text._Z16TCPHandleTimeoutv)
    __arm_cp.15_0                            0x000030f0   Number         4  tcpip.o(.text._Z16TCPHandleTimeoutv)
    __arm_cp.15_1                            0x000030f4   Number         4  tcpip.o(.text._Z16TCPHandleTimeoutv)
    __arm_cp.15_2                            0x000030f8   Number         4  tcpip.o(.text._Z16TCPHandleTimeoutv)
    [Anonymous Symbol]                       0x000030fc   Section        0  tcpip.o(.text._Z17PrepareARP_ANSWERv)
    __arm_cp.19_3                            0x0000315c   Number         4  tcpip.o(.text._Z17PrepareARP_ANSWERv)
    __arm_cp.19_5                            0x00003160   Number         4  tcpip.o(.text._Z17PrepareARP_ANSWERv)
    __arm_cp.19_9                            0x00003164   Number         4  tcpip.o(.text._Z17PrepareARP_ANSWERv)
    [Anonymous Symbol]                       0x00003168   Section        0  tcpip.o(.text._Z17ProcessEthIAFramePjj)
    __arm_cp.20_0                            0x00003288   Number         4  tcpip.o(.text._Z17ProcessEthIAFramePjj)
    __arm_cp.20_1                            0x0000328c   Number         4  tcpip.o(.text._Z17ProcessEthIAFramePjj)
    __arm_cp.20_2                            0x00003290   Number         4  tcpip.o(.text._Z17ProcessEthIAFramePjj)
    __arm_cp.20_3                            0x00003294   Number         4  tcpip.o(.text._Z17ProcessEthIAFramePjj)
    __arm_cp.20_5                            0x00003298   Number         4  tcpip.o(.text._Z17ProcessEthIAFramePjj)
    __arm_cp.20_6                            0x0000329c   Number         4  tcpip.o(.text._Z17ProcessEthIAFramePjj)
    __arm_cp.20_7                            0x000032a0   Number         4  tcpip.o(.text._Z17ProcessEthIAFramePjj)
    __arm_cp.20_10                           0x000032a4   Number         4  tcpip.o(.text._Z17ProcessEthIAFramePjj)
    __arm_cp.20_11                           0x000032a8   Number         4  tcpip.o(.text._Z17ProcessEthIAFramePjj)
    [Anonymous Symbol]                       0x000032ac   Section        0  tcpip.o(.text._Z18PrepareARP_REQUESTv)
    __arm_cp.5_0                             0x00003318   Number         4  tcpip.o(.text._Z18PrepareARP_REQUESTv)
    __arm_cp.5_1                             0x0000331c   Number         4  tcpip.o(.text._Z18PrepareARP_REQUESTv)
    __arm_cp.5_2                             0x00003320   Number         4  tcpip.o(.text._Z18PrepareARP_REQUESTv)
    __arm_cp.5_3                             0x00003324   Number         4  tcpip.o(.text._Z18PrepareARP_REQUESTv)
    __arm_cp.5_4                             0x00003328   Number         4  tcpip.o(.text._Z18PrepareARP_REQUESTv)
    __arm_cp.5_5                             0x0000332c   Number         4  tcpip.o(.text._Z18PrepareARP_REQUESTv)
    __arm_cp.5_6                             0x00003330   Number         4  tcpip.o(.text._Z18PrepareARP_REQUESTv)
    __arm_cp.5_7                             0x00003334   Number         4  tcpip.o(.text._Z18PrepareARP_REQUESTv)
    __arm_cp.5_8                             0x00003338   Number         4  tcpip.o(.text._Z18PrepareARP_REQUESTv)
    __arm_cp.5_9                             0x0000333c   Number         4  tcpip.o(.text._Z18PrepareARP_REQUESTv)
    __arm_cp.5_10                            0x00003340   Number         4  tcpip.o(.text._Z18PrepareARP_REQUESTv)
    [Anonymous Symbol]                       0x00003344   Section        0  tcpip.o(.text._Z18TCPReleaseRxBufferv)
    [Anonymous Symbol]                       0x00003350   Section        0  tcpip.o(.text._Z18TCPStartRetryTimerv)
    __arm_cp.6_0                             0x00003368   Number         4  tcpip.o(.text._Z18TCPStartRetryTimerv)
    __arm_cp.6_2                             0x0000336c   Number         4  tcpip.o(.text._Z18TCPStartRetryTimerv)
    [Anonymous Symbol]                       0x00003370   Section        0  tcpip.o(.text._Z19TCPTransmitTxBufferjPh)
    __arm_cp.9_0                             0x000033bc   Number         4  tcpip.o(.text._Z19TCPTransmitTxBufferjPh)
    __arm_cp.9_1                             0x000033c0   Number         4  tcpip.o(.text._Z19TCPTransmitTxBufferjPh)
    __arm_cp.9_6                             0x000033c4   Number         4  tcpip.o(.text._Z19TCPTransmitTxBufferjPh)
    __arm_cp.9_7                             0x000033c8   Number         4  tcpip.o(.text._Z19TCPTransmitTxBufferjPh)
    [Anonymous Symbol]                       0x000033cc   Section        0  tcpip.o(.text._Z19standard_chksum_optPvjh)
    __arm_cp.27_1                            0x00003480   Number         4  tcpip.o(.text._Z19standard_chksum_optPvjh)
    __arm_cp.27_2                            0x00003484   Number         4  tcpip.o(.text._Z19standard_chksum_optPvjh)
    [Anonymous Symbol]                       0x00003488   Section        0  tcpip.o(.text._Z21PrepareTCP_DATA_FRAMEv)
    __arm_cp.17_0                            0x00003590   Number         4  tcpip.o(.text._Z21PrepareTCP_DATA_FRAMEv)
    __arm_cp.17_2                            0x00003594   Number         4  tcpip.o(.text._Z21PrepareTCP_DATA_FRAMEv)
    __arm_cp.17_3                            0x00003598   Number         4  tcpip.o(.text._Z21PrepareTCP_DATA_FRAMEv)
    __arm_cp.17_4                            0x0000359c   Number         4  tcpip.o(.text._Z21PrepareTCP_DATA_FRAMEv)
    __arm_cp.17_5                            0x000035a0   Number         4  tcpip.o(.text._Z21PrepareTCP_DATA_FRAMEv)
    __arm_cp.17_6                            0x000035a4   Number         4  tcpip.o(.text._Z21PrepareTCP_DATA_FRAMEv)
    __arm_cp.17_7                            0x000035a8   Number         4  tcpip.o(.text._Z21PrepareTCP_DATA_FRAMEv)
    __arm_cp.17_10                           0x000035ac   Number         4  tcpip.o(.text._Z21PrepareTCP_DATA_FRAMEv)
    __arm_cp.17_11                           0x000035b0   Number         4  tcpip.o(.text._Z21PrepareTCP_DATA_FRAMEv)
    __arm_cp.17_12                           0x000035b4   Number         4  tcpip.o(.text._Z21PrepareTCP_DATA_FRAMEv)
    __arm_cp.17_13                           0x000035b8   Number         4  tcpip.o(.text._Z21PrepareTCP_DATA_FRAMEv)
    __arm_cp.17_14                           0x000035bc   Number         4  tcpip.o(.text._Z21PrepareTCP_DATA_FRAMEv)
    __arm_cp.17_15                           0x000035c0   Number         4  tcpip.o(.text._Z21PrepareTCP_DATA_FRAMEv)
    __arm_cp.17_16                           0x000035c4   Number         4  tcpip.o(.text._Z21PrepareTCP_DATA_FRAMEv)
    __arm_cp.17_17                           0x000035c8   Number         4  tcpip.o(.text._Z21PrepareTCP_DATA_FRAMEv)
    __arm_cp.17_18                           0x000035cc   Number         4  tcpip.o(.text._Z21PrepareTCP_DATA_FRAMEv)
    __arm_cp.17_19                           0x000035d0   Number         4  tcpip.o(.text._Z21PrepareTCP_DATA_FRAMEv)
    [Anonymous Symbol]                       0x000035d4   Section        0  tcpip.o(.text._Z21TCPStartTimeWaitTimerv)
    __arm_cp.24_0                            0x000035e8   Number         4  tcpip.o(.text._Z21TCPStartTimeWaitTimerv)
    __arm_cp.24_1                            0x000035ec   Number         4  tcpip.o(.text._Z21TCPStartTimeWaitTimerv)
    [Anonymous Symbol]                       0x000035f0   Section        0  tcpip.o(.text._Z22PrepareICMP_ECHO_REPLYv)
    __arm_cp.23_0                            0x000036b4   Number         4  tcpip.o(.text._Z22PrepareICMP_ECHO_REPLYv)
    __arm_cp.23_1                            0x000036b8   Number         4  tcpip.o(.text._Z22PrepareICMP_ECHO_REPLYv)
    __arm_cp.23_2                            0x000036bc   Number         4  tcpip.o(.text._Z22PrepareICMP_ECHO_REPLYv)
    __arm_cp.23_3                            0x000036c0   Number         4  tcpip.o(.text._Z22PrepareICMP_ECHO_REPLYv)
    __arm_cp.23_5                            0x000036c4   Number         4  tcpip.o(.text._Z22PrepareICMP_ECHO_REPLYv)
    __arm_cp.23_6                            0x000036c8   Number         4  tcpip.o(.text._Z22PrepareICMP_ECHO_REPLYv)
    __arm_cp.23_7                            0x000036cc   Number         4  tcpip.o(.text._Z22PrepareICMP_ECHO_REPLYv)
    __arm_cp.23_8                            0x000036d0   Number         4  tcpip.o(.text._Z22PrepareICMP_ECHO_REPLYv)
    __arm_cp.23_10                           0x000036d4   Number         4  tcpip.o(.text._Z22PrepareICMP_ECHO_REPLYv)
    __arm_cp.23_11                           0x000036d8   Number         4  tcpip.o(.text._Z22PrepareICMP_ECHO_REPLYv)
    [Anonymous Symbol]                       0x000036dc   Section        0  tcpip.o(.text._Z23TCPHandleRetransmissionv)
    __arm_cp.13_0                            0x00003720   Number         4  tcpip.o(.text._Z23TCPHandleRetransmissionv)
    __arm_cp.13_1                            0x00003724   Number         4  tcpip.o(.text._Z23TCPHandleRetransmissionv)
    [Anonymous Symbol]                       0x00003728   Section        0  tcpip.o(.text._Z24ProcessEthBroadcastFramePjj)
    __arm_cp.18_0                            0x00003794   Number         4  tcpip.o(.text._Z24ProcessEthBroadcastFramePjj)
    __arm_cp.18_1                            0x00003798   Number         4  tcpip.o(.text._Z24ProcessEthBroadcastFramePjj)
    __arm_cp.18_2                            0x0000379c   Number         4  tcpip.o(.text._Z24ProcessEthBroadcastFramePjj)
    __arm_cp.18_3                            0x000037a0   Number         4  tcpip.o(.text._Z24ProcessEthBroadcastFramePjj)
    __arm_cp.18_4                            0x000037a4   Number         4  tcpip.o(.text._Z24ProcessEthBroadcastFramePjj)
    [Anonymous Symbol]                       0x000037a8   Section        0  uart.o(.text._Z7sendstrPcz)
    __arm_cp.2_0                             0x0000381c   Number         4  uart.o(.text._Z7sendstrPcz)
    __arm_cp.2_1                             0x00003820   Number         4  uart.o(.text._Z7sendstrPcz)
    __arm_cp.2_2                             0x00003824   Number         4  uart.o(.text._Z7sendstrPcz)
    __arm_cp.2_3                             0x00003828   Number         4  uart.o(.text._Z7sendstrPcz)
    __arm_cp.2_4                             0x0000382c   Number         4  uart.o(.text._Z7sendstrPcz)
    __arm_cp.2_5                             0x00003830   Number         4  uart.o(.text._Z7sendstrPcz)
    __arm_cp.2_6                             0x00003834   Number         4  uart.o(.text._Z7sendstrPcz)
    [Anonymous Symbol]                       0x00003838   Section        0  tcpip.o(.text._Z8WriteWBEPht)
    [Anonymous Symbol]                       0x00003840   Section        0  ethernet.o(.text._Z8eth_initRA6_h)
    __arm_cp.0_0                             0x000038ec   Number         4  ethernet.o(.text._Z8eth_initRA6_h)
    [Anonymous Symbol]                       0x000038f0   Section        0  uart.o(.text._Z8sendchari)
    __arm_cp.1_0                             0x00003910   Number         4  uart.o(.text._Z8sendchari)
    [Anonymous Symbol]                       0x00003914   Section        0  tcpip.o(.text._Z9SwapBytest)
    [Anonymous Symbol]                       0x00003918   Section        0  tcpip.o(.text._Z9WriteDWBEPhj)
    [Anonymous Symbol]                       0x00003928   Section        0  main.o(.text.main)
    __arm_cp.0_0                             0x000039a8   Number         4  main.o(.text.main)
    __arm_cp.0_1                             0x000039ac   Number         4  main.o(.text.main)
    __arm_cp.0_2                             0x000039b0   Number         4  main.o(.text.main)
    __arm_cp.0_3                             0x000039b4   Number         4  main.o(.text.main)
    __arm_cp.0_4                             0x000039b8   Number         4  main.o(.text.main)
    __arm_cp.0_5                             0x000039bc   Number         4  main.o(.text.main)
    .text_divfast                            0x000039c8   Section      502  aeabi_sdivfast.o(.text_divfast)
    i.__ARM_common_ll_muluu                  0x00003bbe   Section        0  btod.o(i.__ARM_common_ll_muluu)
    i.__ARM_fpclassify                       0x00003bf0   Section        0  fpclassify.o(i.__ARM_fpclassify)
    i._is_digit                              0x00003c1c   Section        0  __printf_wp.o(i._is_digit)
    locale$$code                             0x00003c2c   Section       44  lc_numeric_c.o(locale$$code)
    locale$$code                             0x00003c58   Section       44  lc_ctype_c.o(locale$$code)
    x$fpl$printf1                            0x00003c84   Section       16  printf1.o(x$fpl$printf1)
    x$fpl$printf2                            0x00003c94   Section       16  printf2.o(x$fpl$printf2)
    initial_mbstate                          0x00003ca4   Data           8  _printf_wctomb.o(.constdata)
    .constdata                               0x00003ca4   Section        8  _printf_wctomb.o(.constdata)
    x$fpl$usenofp                            0x00003ca4   Section        0  usenofp.o(x$fpl$usenofp)
    uc_hextab                                0x00003cac   Data          20  _printf_hex_int_ll_ptr.o(.constdata)
    .constdata                               0x00003cac   Section       40  _printf_hex_int_ll_ptr.o(.constdata)
    lc_hextab                                0x00003cc0   Data          20  _printf_hex_int_ll_ptr.o(.constdata)
    maptable                                 0x00003cd4   Data          17  __printf_flags_ss_wp.o(.constdata)
    .constdata                               0x00003cd4   Section       17  __printf_flags_ss_wp.o(.constdata)
    lc_hextab                                0x00003ce5   Data          19  _printf_fp_hex.o(.constdata)
    .constdata                               0x00003ce5   Section       38  _printf_fp_hex.o(.constdata)
    uc_hextab                                0x00003cf8   Data          19  _printf_fp_hex.o(.constdata)
    tenpwrs_x                                0x00003d0c   Data          60  bigflt0.o(.constdata)
    .constdata                               0x00003d0c   Section      148  bigflt0.o(.constdata)
    tenpwrs_i                                0x00003d48   Data          64  bigflt0.o(.constdata)
    locale$$data                             0x00003dc0   Section       28  lc_numeric_c.o(locale$$data)
    __lcnum_c_name                           0x00003dc4   Data           2  lc_numeric_c.o(locale$$data)
    __lcnum_c_start                          0x00003dcc   Data           0  lc_numeric_c.o(locale$$data)
    __lcnum_c_point                          0x00003dd8   Data           0  lc_numeric_c.o(locale$$data)
    __lcnum_c_thousands                      0x00003dda   Data           0  lc_numeric_c.o(locale$$data)
    __lcnum_c_grouping                       0x00003ddb   Data           0  lc_numeric_c.o(locale$$data)
    __lcnum_c_end                            0x00003ddc   Data           0  lc_numeric_c.o(locale$$data)
    locale$$data                             0x00003ddc   Section      272  lc_ctype_c.o(locale$$data)
    __lcctype_c_name                         0x00003de0   Data           2  lc_ctype_c.o(locale$$data)
    __lcctype_c_start                        0x00003de8   Data           0  lc_ctype_c.o(locale$$data)
    __lcctype_c_end                          0x00003eec   Data           0  lc_ctype_c.o(locale$$data)
    .bss                                     0x20001800   Section       96  libspace.o(.bss)
    Heap_Mem                                 0x200018c0   Data        4096  startup_mdr1986ve1t.o(HEAP)
    HEAP                                     0x200018c0   Section     4096  startup_mdr1986ve1t.o(HEAP)
    Stack_Mem                                0x200028c0   Data        4096  startup_mdr1986ve1t.o(STACK)
    STACK                                    0x200028c0   Section     4096  startup_mdr1986ve1t.o(STACK)
    __initial_sp                             0x200038c0   Data           0  startup_mdr1986ve1t.o(STACK)

    Global Symbols

    Symbol Name                              Value     Ov Type        Size  Object(Section)

    BuildAttributes$$THM_ISAv3M$S$PE$A:L22$X:L11$S22$IEEE1$IW$~IW$USESV6$~STKCKD$USESV7$~SHL$OTIME$ROPI$IEEEJ$EBA8$UX$STANDARDLIB$REQ8$PRES8$EABIv2 0x00000000   Number         0  anon$$obj.o ABSOLUTE
    __Vectors                                0x00000000   Data           4  startup_mdr1986ve1t.o(RESET)
    _printf_flags                            0x00000000   Number         0  printf_stubs.o ABSOLUTE
    _printf_return_value                     0x00000000   Number         0  printf_stubs.o ABSOLUTE
    _printf_sizespec                         0x00000000   Number         0  printf_stubs.o ABSOLUTE
    _printf_widthprec                        0x00000000   Number         0  printf_stubs.o ABSOLUTE
    __ARM_exceptions_init                     - Undefined Weak Reference
    __alloca_initialize                       - Undefined Weak Reference
    __arm_preinit_                            - Undefined Weak Reference
    __cpp_initialize__aeabi_                  - Undefined Weak Reference
    __cxa_finalize                            - Undefined Weak Reference
    __sigvec_lookup                           - Undefined Weak Reference
    _atexit_init                              - Undefined Weak Reference
    _call_atexit_fns                          - Undefined Weak Reference
    _clock_init                               - Undefined Weak Reference
    _fp_trap_init                             - Undefined Weak Reference
    _fp_trap_shutdown                         - Undefined Weak Reference
    _get_lc_collate                           - Undefined Weak Reference
    _get_lc_monetary                          - Undefined Weak Reference
    _get_lc_time                              - Undefined Weak Reference
    _getenv_init                              - Undefined Weak Reference
    _handle_redirection                       - Undefined Weak Reference
    _init_alloc                               - Undefined Weak Reference
    _init_user_alloc                          - Undefined Weak Reference
    _initio                                   - Undefined Weak Reference
    _printf_mbtowc                            - Undefined Weak Reference
    _printf_wc                                - Undefined Weak Reference
    _rand_init                                - Undefined Weak Reference
    _signal_finish                            - Undefined Weak Reference
    _signal_init                              - Undefined Weak Reference
    _terminate_alloc                          - Undefined Weak Reference
    _terminate_user_alloc                     - Undefined Weak Reference
    _terminateio                              - Undefined Weak Reference
    __main                                   0x000000c1   Thumb Code     8  __main.o(!!!main)
    __scatterload                            0x000000c9   Thumb Code     0  __scatter.o(!!!scatter)
    __scatterload_rt2                        0x000000c9   Thumb Code    52  __scatter.o(!!!scatter)
    __scatterload_rt2_thumb_only             0x000000c9   Thumb Code     0  __scatter.o(!!!scatter)
    __scatterload_null                       0x000000d9   Thumb Code     0  __scatter.o(!!!scatter)
    __scatterload_zeroinit                   0x00000105   Thumb Code    28  __scatter_zi.o(!!handler_zi)
    _printf_percent                          0x00000121   Thumb Code     0  _printf_percent.o(.ARM.Collect$$_printf_percent$$00000000)
    _printf_n                                0x00000123   Thumb Code     0  _printf_n.o(.ARM.Collect$$_printf_percent$$00000001)
    _printf_p                                0x0000012d   Thumb Code     0  _printf_p.o(.ARM.Collect$$_printf_percent$$00000002)
    _printf_f                                0x00000137   Thumb Code     0  _printf_f.o(.ARM.Collect$$_printf_percent$$00000003)
    _printf_e                                0x00000141   Thumb Code     0  _printf_e.o(.ARM.Collect$$_printf_percent$$00000004)
    _printf_g                                0x0000014b   Thumb Code     0  _printf_g.o(.ARM.Collect$$_printf_percent$$00000005)
    _printf_a                                0x00000155   Thumb Code     0  _printf_a.o(.ARM.Collect$$_printf_percent$$00000006)
    _printf_ll                               0x0000015f   Thumb Code     0  _printf_ll.o(.ARM.Collect$$_printf_percent$$00000007)
    _printf_i                                0x00000169   Thumb Code     0  _printf_i.o(.ARM.Collect$$_printf_percent$$00000008)
    _printf_d                                0x00000173   Thumb Code     0  _printf_d.o(.ARM.Collect$$_printf_percent$$00000009)
    _printf_u                                0x0000017d   Thumb Code     0  _printf_u.o(.ARM.Collect$$_printf_percent$$0000000A)
    _printf_o                                0x00000187   Thumb Code     0  _printf_o.o(.ARM.Collect$$_printf_percent$$0000000B)
    _printf_x                                0x00000191   Thumb Code     0  _printf_x.o(.ARM.Collect$$_printf_percent$$0000000C)
    _printf_lli                              0x0000019b   Thumb Code     0  _printf_lli.o(.ARM.Collect$$_printf_percent$$0000000D)
    _printf_lld                              0x000001a5   Thumb Code     0  _printf_lld.o(.ARM.Collect$$_printf_percent$$0000000E)
    _printf_llu                              0x000001af   Thumb Code     0  _printf_llu.o(.ARM.Collect$$_printf_percent$$0000000F)
    _printf_llo                              0x000001b9   Thumb Code     0  _printf_llo.o(.ARM.Collect$$_printf_percent$$00000010)
    _printf_llx                              0x000001c3   Thumb Code     0  _printf_llx.o(.ARM.Collect$$_printf_percent$$00000011)
    _printf_l                                0x000001cd   Thumb Code     0  _printf_l.o(.ARM.Collect$$_printf_percent$$00000012)
    _printf_c                                0x000001d7   Thumb Code     0  _printf_c.o(.ARM.Collect$$_printf_percent$$00000013)
    _printf_s                                0x000001e1   Thumb Code     0  _printf_s.o(.ARM.Collect$$_printf_percent$$00000014)
    _printf_lc                               0x000001eb   Thumb Code     0  _printf_lc.o(.ARM.Collect$$_printf_percent$$00000015)
    _printf_ls                               0x000001f5   Thumb Code     0  _printf_ls.o(.ARM.Collect$$_printf_percent$$00000016)
    _printf_percent_end                      0x000001ff   Thumb Code     0  _printf_percent_end.o(.ARM.Collect$$_printf_percent$$00000017)
    __rt_lib_init                            0x00000203   Thumb Code     0  libinit.o(.ARM.Collect$$libinit$$00000000)
    __rt_lib_init_fp_1                       0x00000205   Thumb Code     0  libinit2.o(.ARM.Collect$$libinit$$00000002)
    __rt_lib_init_heap_1                     0x00000205   Thumb Code     0  libinit2.o(.ARM.Collect$$libinit$$0000000A)
    __rt_lib_init_lc_common                  0x00000205   Thumb Code     0  libinit2.o(.ARM.Collect$$libinit$$0000000F)
    __rt_lib_init_preinit_1                  0x00000205   Thumb Code     0  libinit2.o(.ARM.Collect$$libinit$$00000004)
    __rt_lib_init_rand_1                     0x00000205   Thumb Code     0  libinit2.o(.ARM.Collect$$libinit$$0000000E)
    __rt_lib_init_user_alloc_1               0x00000205   Thumb Code     0  libinit2.o(.ARM.Collect$$libinit$$0000000C)
    __rt_lib_init_lc_collate_1               0x0000020b   Thumb Code     0  libinit2.o(.ARM.Collect$$libinit$$00000011)
    __rt_lib_init_lc_ctype_2                 0x0000020b   Thumb Code     0  libinit2.o(.ARM.Collect$$libinit$$00000012)
    __rt_lib_init_lc_ctype_1                 0x00000217   Thumb Code     0  libinit2.o(.ARM.Collect$$libinit$$00000013)
    __rt_lib_init_lc_monetary_1              0x00000217   Thumb Code     0  libinit2.o(.ARM.Collect$$libinit$$00000015)
    __rt_lib_init_lc_numeric_2               0x00000217   Thumb Code     0  libinit2.o(.ARM.Collect$$libinit$$00000016)
    __rt_lib_init_alloca_1                   0x00000221   Thumb Code     0  libinit2.o(.ARM.Collect$$libinit$$0000002E)
    __rt_lib_init_argv_1                     0x00000221   Thumb Code     0  libinit2.o(.ARM.Collect$$libinit$$0000002C)
    __rt_lib_init_atexit_1                   0x00000221   Thumb Code     0  libinit2.o(.ARM.Collect$$libinit$$0000001B)
    __rt_lib_init_clock_1                    0x00000221   Thumb Code     0  libinit2.o(.ARM.Collect$$libinit$$00000021)
    __rt_lib_init_cpp_1                      0x00000221   Thumb Code     0  libinit2.o(.ARM.Collect$$libinit$$00000032)
    __rt_lib_init_exceptions_1               0x00000221   Thumb Code     0  libinit2.o(.ARM.Collect$$libinit$$00000030)
    __rt_lib_init_fp_trap_1                  0x00000221   Thumb Code     0  libinit2.o(.ARM.Collect$$libinit$$0000001F)
    __rt_lib_init_getenv_1                   0x00000221   Thumb Code     0  libinit2.o(.ARM.Collect$$libinit$$00000023)
    __rt_lib_init_lc_numeric_1               0x00000221   Thumb Code     0  libinit2.o(.ARM.Collect$$libinit$$00000017)
    __rt_lib_init_lc_time_1                  0x00000221   Thumb Code     0  libinit2.o(.ARM.Collect$$libinit$$00000019)
    __rt_lib_init_return                     0x00000221   Thumb Code     0  libinit2.o(.ARM.Collect$$libinit$$00000033)
    __rt_lib_init_signal_1                   0x00000221   Thumb Code     0  libinit2.o(.ARM.Collect$$libinit$$0000001D)
    __rt_lib_init_stdio_1                    0x00000221   Thumb Code     0  libinit2.o(.ARM.Collect$$libinit$$00000025)
    __rt_lib_shutdown                        0x00000223   Thumb Code     0  libshutdown.o(.ARM.Collect$$libshutdown$$00000000)
    __rt_lib_shutdown_cpp_1                  0x00000225   Thumb Code     0  libshutdown2.o(.ARM.Collect$$libshutdown$$00000002)
    __rt_lib_shutdown_fp_trap_1              0x00000225   Thumb Code     0  libshutdown2.o(.ARM.Collect$$libshutdown$$00000007)
    __rt_lib_shutdown_heap_1                 0x00000225   Thumb Code     0  libshutdown2.o(.ARM.Collect$$libshutdown$$0000000F)
    __rt_lib_shutdown_return                 0x00000225   Thumb Code     0  libshutdown2.o(.ARM.Collect$$libshutdown$$00000010)
    __rt_lib_shutdown_signal_1               0x00000225   Thumb Code     0  libshutdown2.o(.ARM.Collect$$libshutdown$$0000000A)
    __rt_lib_shutdown_stdio_1                0x00000225   Thumb Code     0  libshutdown2.o(.ARM.Collect$$libshutdown$$00000004)
    __rt_lib_shutdown_user_alloc_1           0x00000225   Thumb Code     0  libshutdown2.o(.ARM.Collect$$libshutdown$$0000000C)
    __rt_entry                               0x00000227   Thumb Code     0  __rtentry.o(.ARM.Collect$$rtentry$$00000000)
    __rt_entry_presh_1                       0x00000227   Thumb Code     0  __rtentry2.o(.ARM.Collect$$rtentry$$00000002)
    __rt_entry_sh                            0x00000227   Thumb Code     0  __rtentry4.o(.ARM.Collect$$rtentry$$00000004)
    __rt_entry_li                            0x0000022d   Thumb Code     0  __rtentry2.o(.ARM.Collect$$rtentry$$0000000A)
    __rt_entry_postsh_1                      0x0000022d   Thumb Code     0  __rtentry2.o(.ARM.Collect$$rtentry$$00000009)
    __rt_entry_main                          0x00000231   Thumb Code     0  __rtentry2.o(.ARM.Collect$$rtentry$$0000000D)
    __rt_entry_postli_1                      0x00000231   Thumb Code     0  __rtentry2.o(.ARM.Collect$$rtentry$$0000000C)
    __rt_exit                                0x00000239   Thumb Code     0  rtexit.o(.ARM.Collect$$rtexit$$00000000)
    __rt_exit_ls                             0x0000023b   Thumb Code     0  rtexit2.o(.ARM.Collect$$rtexit$$00000003)
    __rt_exit_prels_1                        0x0000023b   Thumb Code     0  rtexit2.o(.ARM.Collect$$rtexit$$00000002)
    __rt_exit_exit                           0x0000023f   Thumb Code     0  rtexit2.o(.ARM.Collect$$rtexit$$00000004)
    Reset_Handler                            0x00000245   Thumb Code     8  startup_mdr1986ve1t.o(.text)
    NMI_Handler                              0x0000024d   Thumb Code     2  startup_mdr1986ve1t.o(.text)
    HardFault_Handler                        0x0000024f   Thumb Code     2  startup_mdr1986ve1t.o(.text)
    SVC_Handler                              0x00000251   Thumb Code     2  startup_mdr1986ve1t.o(.text)
    PendSV_Handler                           0x00000253   Thumb Code     2  startup_mdr1986ve1t.o(.text)
    SysTick_Handler                          0x00000255   Thumb Code     2  startup_mdr1986ve1t.o(.text)
    MIL_STD_1553B2_IRQHandler                0x00000257   Thumb Code     2  startup_mdr1986ve1t.o(.text)
    MIL_STD_1553B1_IRQHandler                0x00000259   Thumb Code     2  startup_mdr1986ve1t.o(.text)
    USB_IRQHandler                           0x0000025b   Thumb Code     2  startup_mdr1986ve1t.o(.text)
    CAN1_IRQHandler                          0x0000025d   Thumb Code     2  startup_mdr1986ve1t.o(.text)
    CAN2_IRQHandler                          0x0000025f   Thumb Code     2  startup_mdr1986ve1t.o(.text)
    DMA_IRQHandler                           0x00000261   Thumb Code     2  startup_mdr1986ve1t.o(.text)
    UART1_IRQHandler                         0x00000263   Thumb Code     2  startup_mdr1986ve1t.o(.text)
    UART2_IRQHandler                         0x00000265   Thumb Code     2  startup_mdr1986ve1t.o(.text)
    SSP1_IRQHandler                          0x00000267   Thumb Code     2  startup_mdr1986ve1t.o(.text)
    BUSY_IRQHandler                          0x00000269   Thumb Code     2  startup_mdr1986ve1t.o(.text)
    ARINC429R_IRQHandler                     0x0000026b   Thumb Code     2  startup_mdr1986ve1t.o(.text)
    POWER_IRQHandler                         0x0000026d   Thumb Code     2  startup_mdr1986ve1t.o(.text)
    WWDG_IRQHandler                          0x0000026f   Thumb Code     2  startup_mdr1986ve1t.o(.text)
    TIMER4_IRQHandler                        0x00000271   Thumb Code     2  startup_mdr1986ve1t.o(.text)
    TIMER1_IRQHandler                        0x00000273   Thumb Code     2  startup_mdr1986ve1t.o(.text)
    TIMER2_IRQHandler                        0x00000275   Thumb Code     2  startup_mdr1986ve1t.o(.text)
    TIMER3_IRQHandler                        0x00000277   Thumb Code     2  startup_mdr1986ve1t.o(.text)
    ADC_IRQHandler                           0x00000279   Thumb Code     2  startup_mdr1986ve1t.o(.text)
    ETHERNET_IRQHandler                      0x0000027b   Thumb Code     2  startup_mdr1986ve1t.o(.text)
    SSP3_IRQHandler                          0x0000027d   Thumb Code     2  startup_mdr1986ve1t.o(.text)
    SSP2_IRQHandler                          0x0000027f   Thumb Code     2  startup_mdr1986ve1t.o(.text)
    ARINC429T1_IRQHandler                    0x00000281   Thumb Code     2  startup_mdr1986ve1t.o(.text)
    ARINC429T2_IRQHandler                    0x00000283   Thumb Code     2  startup_mdr1986ve1t.o(.text)
    ARINC429T3_IRQHandler                    0x00000285   Thumb Code     2  startup_mdr1986ve1t.o(.text)
    ARINC429T4_IRQHandler                    0x00000287   Thumb Code     2  startup_mdr1986ve1t.o(.text)
    BKP_IRQHandler                           0x00000289   Thumb Code     2  startup_mdr1986ve1t.o(.text)
    EXT_INT1_IRQHandler                      0x0000028b   Thumb Code     2  startup_mdr1986ve1t.o(.text)
    EXT_INT2_IRQHandler                      0x0000028d   Thumb Code     2  startup_mdr1986ve1t.o(.text)
    EXT_INT3_IRQHandler                      0x0000028f   Thumb Code     2  startup_mdr1986ve1t.o(.text)
    EXT_INT4_IRQHandler                      0x00000291   Thumb Code     2  startup_mdr1986ve1t.o(.text)
    __user_initial_stackheap                 0x00000295   Thumb Code     0  startup_mdr1986ve1t.o(.text)
    vsnprintf                                0x000002b9   Thumb Code    50  vsnprintf.o(.text)
    __aeabi_uidivmod                         0x000002f1   Thumb Code    28  aeabi_sdivfast.o(.text)
    __aeabi_idivmod                          0x0000030d   Thumb Code   472  aeabi_sdivfast.o(.text)
    __use_two_region_memory                  0x000004e9   Thumb Code     2  heapauxi.o(.text)
    __rt_heap_escrow$2region                 0x000004eb   Thumb Code     2  heapauxi.o(.text)
    __rt_heap_expand$2region                 0x000004ed   Thumb Code     2  heapauxi.o(.text)
    _printf_pre_padding                      0x000004ef   Thumb Code    44  _printf_pad.o(.text)
    _printf_post_padding                     0x0000051b   Thumb Code    34  _printf_pad.o(.text)
    _printf_truncate_signed                  0x0000053d   Thumb Code    18  _printf_truncate.o(.text)
    _printf_truncate_unsigned                0x0000054f   Thumb Code    18  _printf_truncate.o(.text)
    _printf_str                              0x00000561   Thumb Code    82  _printf_str.o(.text)
    _printf_int_dec                          0x000005b5   Thumb Code    90  _printf_dec.o(.text)
    _printf_charcount                        0x00000621   Thumb Code    38  _printf_charcount.o(.text)
    _printf_char_common                      0x00000653   Thumb Code    32  _printf_char_common.o(.text)
    _sputc                                   0x00000679   Thumb Code    10  _sputc.o(.text)
    _snputc                                  0x00000683   Thumb Code    16  _snputc.o(.text)
    _printf_wctomb                           0x00000695   Thumb Code   182  _printf_wctomb.o(.text)
    _printf_longlong_dec                     0x00000751   Thumb Code    94  _printf_longlong_dec.o(.text)
    _printf_longlong_oct                     0x000007c1   Thumb Code    68  _printf_oct_int_ll.o(.text)
    _printf_int_oct                          0x00000805   Thumb Code    24  _printf_oct_int_ll.o(.text)
    _printf_ll_oct                           0x0000081d   Thumb Code    10  _printf_oct_int_ll.o(.text)
    _printf_longlong_hex                     0x00000831   Thumb Code    88  _printf_hex_int_ll_ptr.o(.text)
    _printf_int_hex                          0x00000889   Thumb Code    28  _printf_hex_int_ll_ptr.o(.text)
    _printf_ll_hex                           0x000008a5   Thumb Code    10  _printf_hex_int_ll_ptr.o(.text)
    _printf_hex_ptr                          0x000008af   Thumb Code    22  _printf_hex_int_ll_ptr.o(.text)
    __printf                                 0x000008c9   Thumb Code   386  __printf_flags_ss_wp.o(.text)
    _ll_udiv10                               0x00000a51   Thumb Code   122  lludiv10.o(.text)
    _printf_int_common                       0x00000acb   Thumb Code   176  _printf_intcommon.o(.text)
    _printf_fp_dec_real                      0x00000d19   Thumb Code   620  _printf_fp_dec.o(.text)
    _printf_fp_hex_real                      0x00000f91   Thumb Code   718  _printf_fp_hex.o(.text)
    _printf_cs_common                        0x00001269   Thumb Code    22  _printf_char.o(.text)
    _printf_char                             0x0000127f   Thumb Code    16  _printf_char.o(.text)
    _printf_string                           0x0000128f   Thumb Code     8  _printf_char.o(.text)
    _printf_lcs_common                       0x00001297   Thumb Code    22  _printf_wchar.o(.text)
    _printf_wchar                            0x000012ad   Thumb Code    16  _printf_wchar.o(.text)
    _printf_wstring                          0x000012bd   Thumb Code     8  _printf_wchar.o(.text)
    _c16rtomb                                0x000012c5   Thumb Code    66  _c16rtomb.o(.text)
    _wcrtomb                                 0x000012c5   Thumb Code     0  _c16rtomb.o(.text)
    __rt_udiv10                              0x00001307   Thumb Code    40  rtudiv10.o(.text)
    __user_setup_stackheap                   0x0000132f   Thumb Code    62  sys_stackheap_outer.o(.text)
    __rt_ctype_table                         0x0000136d   Thumb Code    16  rt_ctype_table.o(.text)
    __rt_locale                              0x0000137d   Thumb Code     8  rt_locale_intlibspace.o(.text)
    _printf_fp_infnan                        0x00001385   Thumb Code   120  _printf_fp_infnan.o(.text)
    _btod_etento                             0x0000140d   Thumb Code   210  bigflt0.o(.text)
    _btod_d2e                                0x000014e5   Thumb Code    64  btod.o(.text)
    _btod_emul                               0x00001919   Thumb Code    28  btod.o(.text)
    _btod_emuld                              0x00001935   Thumb Code   144  btod.o(.text)
    _btod_ediv                               0x000019c5   Thumb Code    26  btod.o(.text)
    _btod_edivd                              0x000019df   Thumb Code   124  btod.o(.text)
    exit                                     0x00001a65   Thumb Code    16  exit.o(.text)
    __user_libspace                          0x00001a75   Thumb Code     8  libspace.o(.text)
    __user_perproc_libspace                  0x00001a75   Thumb Code     0  libspace.o(.text)
    __user_perthread_libspace                0x00001a75   Thumb Code     0  libspace.o(.text)
    strcmp                                   0x00001a7d   Thumb Code   176  strcmpv6m.o(.text)
    _sys_exit                                0x00001b2d   Thumb Code     8  sys_exit.o(.text)
    __I$use$semihosting                      0x00001b39   Thumb Code     0  use_no_semi.o(.text)
    __use_no_semihosting_swi                 0x00001b39   Thumb Code     2  use_no_semi.o(.text)
    __decompress                             0x00001b3b   Thumb Code     0  __dczerorl.o(.text)
    __decompress0                            0x00001b3b   Thumb Code    58  __dczerorl.o(.text)
    __semihosting_library_function           0x00001b3b   Thumb Code     0  indicate_semi.o(.text)
    DMA_Cmd                                  0x00001b75   Thumb Code    20  mdr32f9qx_dma.o(.text.DMA_Cmd)
    DMA_CtrlDataInit                         0x00001b8d   Thumb Code    96  mdr32f9qx_dma.o(.text.DMA_CtrlDataInit)
    DMA_DeInit                               0x00001bed   Thumb Code    40  mdr32f9qx_dma.o(.text.DMA_DeInit)
    DMA_Init                                 0x00001c15   Thumb Code    96  mdr32f9qx_dma.o(.text.DMA_Init)
    DMA_Request                              0x00001c79   Thumb Code    12  mdr32f9qx_dma.o(.text.DMA_Request)
    DMA_StructInit                           0x00001c89   Thumb Code    14  mdr32f9qx_dma.o(.text.DMA_StructInit)
    ETH_BRGInit                              0x00001c99   Thumb Code    16  mdr32f9qx_eth.o(.text.ETH_BRGInit)
    ETH_ClockCMD                             0x00001ca9   Thumb Code    24  mdr32f9qx_eth.o(.text.ETH_ClockCMD)
    ETH_ClockDeInit                          0x00001cc1   Thumb Code    12  mdr32f9qx_eth.o(.text.ETH_ClockDeInit)
    ETH_DMAFrameRx                           0x00001cd1   Thumb Code    76  mdr32f9qx_eth.o(.text.ETH_DMAFrameRx)
    ETH_DMAFrameTx                           0x00001d1d   Thumb Code    72  mdr32f9qx_eth.o(.text.ETH_DMAFrameTx)
    ETH_DMAPrepare                           0x00001d71   Thumb Code    56  mdr32f9qx_eth.o(.text.ETH_DMAPrepare)
    ETH_DeInit                               0x00001da9   Thumb Code    88  mdr32f9qx_eth.o(.text.ETH_DeInit)
    ETH_GetMACITStatusRegister               0x00001e0d   Thumb Code     4  mdr32f9qx_eth.o(.text.ETH_GetMACITStatusRegister)
    ETH_GetPHYStatus                         0x00001e11   Thumb Code    10  mdr32f9qx_eth.o(.text.ETH_GetPHYStatus)
    ETH_Init                                 0x00001e1b   Thumb Code   272  mdr32f9qx_eth.o(.text.ETH_Init)
    ETH_MACReceptionCmd                      0x00001f2d   Thumb Code    20  mdr32f9qx_eth.o(.text.ETH_MACReceptionCmd)
    ETH_MACTransmissionCmd                   0x00001f41   Thumb Code    20  mdr32f9qx_eth.o(.text.ETH_MACTransmissionCmd)
    ETH_PHYCmd                               0x00001f59   Thumb Code    18  mdr32f9qx_eth.o(.text.ETH_PHYCmd)
    ETH_PHY_ClockConfig                      0x00001f6d   Thumb Code    24  mdr32f9qx_eth.o(.text.ETH_PHY_ClockConfig)
    ETH_PHY_Reset                            0x00001f8d   Thumb Code    26  mdr32f9qx_eth.o(.text.ETH_PHY_Reset)
    ETH_ReceivedFrame                        0x00001fa9   Thumb Code   356  mdr32f9qx_eth.o(.text.ETH_ReceivedFrame)
    ETH_SendFrame                            0x00002111   Thumb Code   248  mdr32f9qx_eth.o(.text.ETH_SendFrame)
    ETH_Start                                0x0000220d   Thumb Code    38  mdr32f9qx_eth.o(.text.ETH_Start)
    ETH_StructInit                           0x00002235   Thumb Code   104  mdr32f9qx_eth.o(.text.ETH_StructInit)
    PORT_Init                                0x000022b5   Thumb Code   228  mdr32f9qx_port.o(.text.PORT_Init)
    RST_CLK_GetClocksFreq                    0x0000239d   Thumb Code   260  mdr32f9qx_rst_clk.o(.text.RST_CLK_GetClocksFreq)
    RST_CLK_GetFlagStatus                    0x000024a1   Thumb Code    28  mdr32f9qx_rst_clk.o(.text.RST_CLK_GetFlagStatus)
    RST_CLK_HSE2config                       0x000024c5   Thumb Code    32  mdr32f9qx_rst_clk.o(.text.RST_CLK_HSE2config)
    RST_CLK_HSE2status                       0x000024e9   Thumb Code    44  mdr32f9qx_rst_clk.o(.text.RST_CLK_HSE2status)
    RST_CLK_PCLKcmd                          0x00002515   Thumb Code    24  mdr32f9qx_rst_clk.o(.text.RST_CLK_PCLKcmd)
    SystemCoreClockUpdate                    0x00002531   Thumb Code    84  system_mdr1986ve1t.o(.text.SystemCoreClockUpdate)
    SystemInit                               0x00002599   Thumb Code    40  system_mdr1986ve1t.o(.text.SystemInit)
    TIMER_BRGInit                            0x000025c5   Thumb Code    96  mdr32f9qx_timer.o(.text.TIMER_BRGInit)
    TIMER_ClearFlag                          0x0000263d   Thumb Code     6  mdr32f9qx_timer.o(.text.TIMER_ClearFlag)
    TIMER_Cmd                                0x00002643   Thumb Code    16  mdr32f9qx_timer.o(.text.TIMER_Cmd)
    TIMER_CntEventSourceConfig               0x00002653   Thumb Code    14  mdr32f9qx_timer.o(.text.TIMER_CntEventSourceConfig)
    TIMER_CntInit                            0x00002661   Thumb Code    52  mdr32f9qx_timer.o(.text.TIMER_CntInit)
    TIMER_CntStructInit                      0x00002695   Thumb Code    20  mdr32f9qx_timer.o(.text.TIMER_CntStructInit)
    TIMER_DeInit                             0x000026a9   Thumb Code    82  mdr32f9qx_timer.o(.text.TIMER_DeInit)
    TIMER_GetCounter                         0x000026fb   Thumb Code     4  mdr32f9qx_timer.o(.text.TIMER_GetCounter)
    TIMER_GetFlagStatus                      0x000026ff   Thumb Code    10  mdr32f9qx_timer.o(.text.TIMER_GetFlagStatus)
    TIMER_SetCounter                         0x00002709   Thumb Code     4  mdr32f9qx_timer.o(.text.TIMER_SetCounter)
    UART_BRGInit                             0x0000270d   Thumb Code    52  mdr32f9qx_uart.o(.text.UART_BRGInit)
    UART_Cmd                                 0x00002745   Thumb Code    24  mdr32f9qx_uart.o(.text.UART_Cmd)
    UART_GetFlagStatus                       0x00002761   Thumb Code    10  mdr32f9qx_uart.o(.text.UART_GetFlagStatus)
    UART_Init                                0x0000276d   Thumb Code   140  mdr32f9qx_uart.o(.text.UART_Init)
    UART_SendData                            0x00002805   Thumb Code     4  mdr32f9qx_uart.o(.text.UART_SendData)
    debug_eval(MDR_ETHERNET_TypeDef*)        0x00002809   Thumb Code    64  ethernet.o(.text._Z10debug_evalP20MDR_ETHERNET_TypeDef)
    CalcChecksum(void*, unsigned short, unsigned short) 0x00002849   Thumb Code    84  tcpip.o(.text._Z12CalcChecksumPvtt)
    TCPStopTimer()                           0x000028a9   Thumb Code    12  tcpip.o(.text._Z12TCPStopTimerv)
    uart_tx_init()                           0x000028b5   Thumb Code   104  uart.o(.text._Z12uart_tx_initv)
    CopyFromFrame(void*, unsigned short*, unsigned int) 0x00002931   Thumb Code    54  tcpip.o(.text._Z13CopyFromFramePvPtj)
    DoNetworkStuff(MDR_ETHERNET_TypeDef*)    0x00002969   Thumb Code   376  tcpip.o(.text._Z14DoNetworkStuffP20MDR_ETHERNET_TypeDef)
    TCPPassiveOpen()                         0x00002b09   Thumb Code    32  tcpip.o(.text._Z14TCPPassiveOpenv)
    ProcessTCPFrame()                        0x00002b35   Thumb Code   692  tcpip.o(.text._Z15ProcessTCPFramev)
    TCPClockHandler()                        0x00002e1d   Thumb Code    60  tcpip.o(.text._Z15TCPClockHandlerv)
    TCPLowLevelInit()                        0x00002e5d   Thumb Code   108  tcpip.o(.text._Z15TCPLowLevelInitv)
    TCPRestartTimer()                        0x00002ee5   Thumb Code     8  tcpip.o(.text._Z15TCPRestartTimerv)
    CalcChecksum_TCP(void*, void*, unsigned short, unsigned int, unsigned char) 0x00002ef1   Thumb Code   128  tcpip.o(.text._Z16CalcChecksum_TCPPvS_tjh)
    PrepareTCP_FRAME(unsigned short)         0x00002f7d   Thumb Code   264  tcpip.o(.text._Z16PrepareTCP_FRAMEt)
    ProcessICMPFrame()                       0x000030b5   Thumb Code    28  tcpip.o(.text._Z16ProcessICMPFramev)
    TCPHandleTimeout()                       0x000030d1   Thumb Code    32  tcpip.o(.text._Z16TCPHandleTimeoutv)
    PrepareARP_ANSWER()                      0x000030fd   Thumb Code    96  tcpip.o(.text._Z17PrepareARP_ANSWERv)
    ProcessEthIAFrame(unsigned int*, unsigned int) 0x00003169   Thumb Code   288  tcpip.o(.text._Z17ProcessEthIAFramePjj)
    PrepareARP_REQUEST()                     0x000032ad   Thumb Code   108  tcpip.o(.text._Z18PrepareARP_REQUESTv)
    TCPReleaseRxBuffer()                     0x00003345   Thumb Code    12  tcpip.o(.text._Z18TCPReleaseRxBufferv)
    TCPStartRetryTimer()                     0x00003351   Thumb Code    24  tcpip.o(.text._Z18TCPStartRetryTimerv)
    TCPTransmitTxBuffer(unsigned int, unsigned char*) 0x00003371   Thumb Code    76  tcpip.o(.text._Z19TCPTransmitTxBufferjPh)
    standard_chksum_opt(void*, unsigned int, unsigned char) 0x000033cd   Thumb Code   180  tcpip.o(.text._Z19standard_chksum_optPvjh)
    PrepareTCP_DATA_FRAME()                  0x00003489   Thumb Code   264  tcpip.o(.text._Z21PrepareTCP_DATA_FRAMEv)
    TCPStartTimeWaitTimer()                  0x000035d5   Thumb Code    20  tcpip.o(.text._Z21TCPStartTimeWaitTimerv)
    PrepareICMP_ECHO_REPLY()                 0x000035f1   Thumb Code   196  tcpip.o(.text._Z22PrepareICMP_ECHO_REPLYv)
    TCPHandleRetransmission()                0x000036dd   Thumb Code    68  tcpip.o(.text._Z23TCPHandleRetransmissionv)
    ProcessEthBroadcastFrame(unsigned int*, unsigned int) 0x00003729   Thumb Code   108  tcpip.o(.text._Z24ProcessEthBroadcastFramePjj)
    sendstr(char*, ...)                      0x000037a9   Thumb Code   116  uart.o(.text._Z7sendstrPcz)
    WriteWBE(unsigned char*, unsigned short) 0x00003839   Thumb Code     8  tcpip.o(.text._Z8WriteWBEPht)
    eth_init(unsigned char (&) [6])          0x00003841   Thumb Code   172  ethernet.o(.text._Z8eth_initRA6_h)
    sendchar(int)                            0x000038f1   Thumb Code    32  uart.o(.text._Z8sendchari)
    SwapBytes(unsigned short)                0x00003915   Thumb Code     4  tcpip.o(.text._Z9SwapBytest)
    WriteDWBE(unsigned char*, unsigned int)  0x00003919   Thumb Code    16  tcpip.o(.text._Z9WriteDWBEPhj)
    main                                     0x00003929   Thumb Code   128  main.o(.text.main)
    __aeabi_uidiv                            0x000039c9   Thumb Code    68  aeabi_sdivfast.o(.text_divfast)
    __aeabi_idiv                             0x00003a0d   Thumb Code   434  aeabi_sdivfast.o(.text_divfast)
    __ARM_common_ll_muluu                    0x00003bbf   Thumb Code    48  btod.o(i.__ARM_common_ll_muluu)
    __ARM_fpclassify                         0x00003bf1   Thumb Code    40  fpclassify.o(i.__ARM_fpclassify)
    _is_digit                                0x00003c1d   Thumb Code    14  __printf_wp.o(i._is_digit)
    _get_lc_numeric                          0x00003c2d   Thumb Code    44  lc_numeric_c.o(locale$$code)
    _get_lc_ctype                            0x00003c59   Thumb Code    44  lc_ctype_c.o(locale$$code)
    _printf_fp_dec                           0x00003c85   Thumb Code    16  printf1.o(x$fpl$printf1)
    _printf_fp_hex                           0x00003c95   Thumb Code    16  printf2.o(x$fpl$printf2)
    __I$use$fp                               0x00003ca4   Number         0  usenofp.o(x$fpl$usenofp)
    Region$$Table$$Base                      0x00003da0   Number         0  anon$$obj.o(Region$$Table)
    Region$$Table$$Limit                     0x00003dc0   Number         0  anon$$obj.o(Region$$Table)
    __ctype                                  0x00003de9   Data           0  lc_ctype_c.o(locale$$data)
    Ident                                    0x20000000   Data           2  tcpip.o(.data.Ident)
    SystemCoreClock                          0x20000004   Data           4  system_mdr1986ve1t.o(.data.SystemCoreClock)
    TCPRemotePort                            0x20000008   Data           2  tcpip.o(.data.TCPRemotePort)
    TxFrame1                                 0x2000000c   Data        2058  tcpip.o(EXECUTABLE_MEMORY_SECTION)
    TxFrame2                                 0x20000818   Data        1518  tcpip.o(EXECUTABLE_MEMORY_SECTION)
    InputFrame                               0x20000e08   Data        1512  tcpip.o(EXECUTABLE_MEMORY_SECTION)
    DMA_ControlTable                         0x20001400   Data        1024  mdr32f9qx_dma.o(EXECUTABLE_MEMORY_SECTION)
    __libspace_start                         0x20001800   Data          96  libspace.o(.bss)
    EthernetARP_Answer                       0x20001860   Data           4  tcpip.o(.bss.EthernetARP_Answer)
    __temporary_stack_top$libspace           0x20001860   Data           0  libspace.o(.bss)
    EthernetIP_Frame                         0x20001864   Data           4  tcpip.o(.bss.EthernetIP_Frame)
    EthernetTCPIP_Frame                      0x20001868   Data           4  tcpip.o(.bss.EthernetTCPIP_Frame)
    ISNGenHigh                               0x2000186c   Data           4  tcpip.o(.bss.ISNGenHigh)
    LastFrameSent                            0x20001870   Data           1  tcpip.o(.bss.LastFrameSent)
    RecdFrameIP                              0x20001874   Data           4  tcpip.o(.bss.RecdFrameIP)
    RecdFrameMAC                             0x20001878   Data           6  tcpip.o(.bss.RecdFrameMAC)
    RecdIPFrameLength                        0x2000187e   Data           2  tcpip.o(.bss.RecdIPFrameLength)
    RemoteIP                                 0x20001880   Data           4  tcpip.o(.bss.RemoteIP)
    RemoteMAC                                0x20001884   Data           6  tcpip.o(.bss.RemoteMAC)
    RetryCounter                             0x2000188a   Data           1  tcpip.o(.bss.RetryCounter)
    SocketStatus                             0x2000188b   Data           1  tcpip.o(.bss.SocketStatus)
    TCPAckNr                                 0x2000188c   Data           4  tcpip.o(.bss.TCPAckNr)
    TCPFlags                                 0x20001890   Data           1  tcpip.o(.bss.TCPFlags)
    TCPLocalPort                             0x20001892   Data           2  tcpip.o(.bss.TCPLocalPort)
    TCPRxDataCount                           0x20001894   Data           4  tcpip.o(.bss.TCPRxDataCount)
    TCPSeqNr                                 0x20001898   Data           4  tcpip.o(.bss.TCPSeqNr)
    TCPStateMachine                          0x2000189c   Data           1  tcpip.o(.bss.TCPStateMachine)
    TCPTimer                                 0x2000189d   Data           1  tcpip.o(.bss.TCPTimer)
    TCPTxDataCount                           0x200018a0   Data           4  tcpip.o(.bss.TCPTxDataCount)
    TCPUNASeqNr                              0x200018a4   Data           4  tcpip.o(.bss.TCPUNASeqNr)
    TransmitControl                          0x200018a8   Data           1  tcpip.o(.bss.TransmitControl)
    TxFrame1Size                             0x200018ac   Data           4  tcpip.o(.bss.TxFrame1Size)
    TxFrame2Size                             0x200018b0   Data           4  tcpip.o(.bss.TxFrame2Size)
    init                                     0x200018b4   Data           1  uart.o(.bss.init)
    pARP                                     0x200018b8   Data           4  tcpip.o(.bss.pARP)
    pData                                    0x200018bc   Data           4  tcpip.o(.bss.pData)



==============================================================================

Memory Map of the image

  Image Entry point : 0x00000245

  Load Region LR_1 (Base: 0x00000000, Size: 0x00005800, Max: 0xffffffff, ABSOLUTE, COMPRESSED[0x00004038])

    Execution Region ER_RO (Exec base: 0x00000000, Load base: 0x00000000, Size: 0x00003eec, Max: 0xffffffff, ABSOLUTE)

    Exec Addr    Load Addr    Size         Type   Attr      Idx    E Section Name        Object

    0x00000000   0x00000000   0x000000c0   Data   RO          154    RESET               startup_mdr1986ve1t.o
    0x000000c0   0x000000c0   0x00000008   Code   RO          563  * !!!main             c_p.l(__main.o)
    0x000000c8   0x000000c8   0x0000003c   Code   RO          898    !!!scatter          c_p.l(__scatter.o)
    0x00000104   0x00000104   0x0000001c   Code   RO          900    !!handler_zi        c_p.l(__scatter_zi.o)
    0x00000120   0x00000120   0x00000002   Code   RO          653    .ARM.Collect$$_printf_percent$$00000000  c_p.l(_printf_percent.o)
    0x00000122   0x00000122   0x0000000a   Code   RO          642    .ARM.Collect$$_printf_percent$$00000001  c_p.l(_printf_n.o)
    0x0000012c   0x0000012c   0x0000000a   Code   RO          644    .ARM.Collect$$_printf_percent$$00000002  c_p.l(_printf_p.o)
    0x00000136   0x00000136   0x0000000a   Code   RO          649    .ARM.Collect$$_printf_percent$$00000003  c_p.l(_printf_f.o)
    0x00000140   0x00000140   0x0000000a   Code   RO          650    .ARM.Collect$$_printf_percent$$00000004  c_p.l(_printf_e.o)
    0x0000014a   0x0000014a   0x0000000a   Code   RO          651    .ARM.Collect$$_printf_percent$$00000005  c_p.l(_printf_g.o)
    0x00000154   0x00000154   0x0000000a   Code   RO          652    .ARM.Collect$$_printf_percent$$00000006  c_p.l(_printf_a.o)
    0x0000015e   0x0000015e   0x0000000a   Code   RO          657    .ARM.Collect$$_printf_percent$$00000007  c_p.l(_printf_ll.o)
    0x00000168   0x00000168   0x0000000a   Code   RO          646    .ARM.Collect$$_printf_percent$$00000008  c_p.l(_printf_i.o)
    0x00000172   0x00000172   0x0000000a   Code   RO          647    .ARM.Collect$$_printf_percent$$00000009  c_p.l(_printf_d.o)
    0x0000017c   0x0000017c   0x0000000a   Code   RO          648    .ARM.Collect$$_printf_percent$$0000000A  c_p.l(_printf_u.o)
    0x00000186   0x00000186   0x0000000a   Code   RO          645    .ARM.Collect$$_printf_percent$$0000000B  c_p.l(_printf_o.o)
    0x00000190   0x00000190   0x0000000a   Code   RO          643    .ARM.Collect$$_printf_percent$$0000000C  c_p.l(_printf_x.o)
    0x0000019a   0x0000019a   0x0000000a   Code   RO          654    .ARM.Collect$$_printf_percent$$0000000D  c_p.l(_printf_lli.o)
    0x000001a4   0x000001a4   0x0000000a   Code   RO          655    .ARM.Collect$$_printf_percent$$0000000E  c_p.l(_printf_lld.o)
    0x000001ae   0x000001ae   0x0000000a   Code   RO          656    .ARM.Collect$$_printf_percent$$0000000F  c_p.l(_printf_llu.o)
    0x000001b8   0x000001b8   0x0000000a   Code   RO          661    .ARM.Collect$$_printf_percent$$00000010  c_p.l(_printf_llo.o)
    0x000001c2   0x000001c2   0x0000000a   Code   RO          662    .ARM.Collect$$_printf_percent$$00000011  c_p.l(_printf_llx.o)
    0x000001cc   0x000001cc   0x0000000a   Code   RO          658    .ARM.Collect$$_printf_percent$$00000012  c_p.l(_printf_l.o)
    0x000001d6   0x000001d6   0x0000000a   Code   RO          640    .ARM.Collect$$_printf_percent$$00000013  c_p.l(_printf_c.o)
    0x000001e0   0x000001e0   0x0000000a   Code   RO          641    .ARM.Collect$$_printf_percent$$00000014  c_p.l(_printf_s.o)
    0x000001ea   0x000001ea   0x0000000a   Code   RO          659    .ARM.Collect$$_printf_percent$$00000015  c_p.l(_printf_lc.o)
    0x000001f4   0x000001f4   0x0000000a   Code   RO          660    .ARM.Collect$$_printf_percent$$00000016  c_p.l(_printf_ls.o)
    0x000001fe   0x000001fe   0x00000004   Code   RO          705    .ARM.Collect$$_printf_percent$$00000017  c_p.l(_printf_percent_end.o)
    0x00000202   0x00000202   0x00000002   Code   RO          745    .ARM.Collect$$libinit$$00000000  c_p.l(libinit.o)
    0x00000204   0x00000204   0x00000000   Code   RO          771    .ARM.Collect$$libinit$$00000002  c_p.l(libinit2.o)
    0x00000204   0x00000204   0x00000000   Code   RO          773    .ARM.Collect$$libinit$$00000004  c_p.l(libinit2.o)
    0x00000204   0x00000204   0x00000000   Code   RO          776    .ARM.Collect$$libinit$$0000000A  c_p.l(libinit2.o)
    0x00000204   0x00000204   0x00000000   Code   RO          778    .ARM.Collect$$libinit$$0000000C  c_p.l(libinit2.o)
    0x00000204   0x00000204   0x00000000   Code   RO          780    .ARM.Collect$$libinit$$0000000E  c_p.l(libinit2.o)
    0x00000204   0x00000204   0x00000006   Code   RO          781    .ARM.Collect$$libinit$$0000000F  c_p.l(libinit2.o)
    0x0000020a   0x0000020a   0x00000000   Code   RO          783    .ARM.Collect$$libinit$$00000011  c_p.l(libinit2.o)
    0x0000020a   0x0000020a   0x0000000c   Code   RO          784    .ARM.Collect$$libinit$$00000012  c_p.l(libinit2.o)
    0x00000216   0x00000216   0x00000000   Code   RO          785    .ARM.Collect$$libinit$$00000013  c_p.l(libinit2.o)
    0x00000216   0x00000216   0x00000000   Code   RO          787    .ARM.Collect$$libinit$$00000015  c_p.l(libinit2.o)
    0x00000216   0x00000216   0x0000000a   Code   RO          788    .ARM.Collect$$libinit$$00000016  c_p.l(libinit2.o)
    0x00000220   0x00000220   0x00000000   Code   RO          789    .ARM.Collect$$libinit$$00000017  c_p.l(libinit2.o)
    0x00000220   0x00000220   0x00000000   Code   RO          791    .ARM.Collect$$libinit$$00000019  c_p.l(libinit2.o)
    0x00000220   0x00000220   0x00000000   Code   RO          793    .ARM.Collect$$libinit$$0000001B  c_p.l(libinit2.o)
    0x00000220   0x00000220   0x00000000   Code   RO          795    .ARM.Collect$$libinit$$0000001D  c_p.l(libinit2.o)
    0x00000220   0x00000220   0x00000000   Code   RO          797    .ARM.Collect$$libinit$$0000001F  c_p.l(libinit2.o)
    0x00000220   0x00000220   0x00000000   Code   RO          799    .ARM.Collect$$libinit$$00000021  c_p.l(libinit2.o)
    0x00000220   0x00000220   0x00000000   Code   RO          801    .ARM.Collect$$libinit$$00000023  c_p.l(libinit2.o)
    0x00000220   0x00000220   0x00000000   Code   RO          803    .ARM.Collect$$libinit$$00000025  c_p.l(libinit2.o)
    0x00000220   0x00000220   0x00000000   Code   RO          807    .ARM.Collect$$libinit$$0000002C  c_p.l(libinit2.o)
    0x00000220   0x00000220   0x00000000   Code   RO          809    .ARM.Collect$$libinit$$0000002E  c_p.l(libinit2.o)
    0x00000220   0x00000220   0x00000000   Code   RO          811    .ARM.Collect$$libinit$$00000030  c_p.l(libinit2.o)
    0x00000220   0x00000220   0x00000000   Code   RO          813    .ARM.Collect$$libinit$$00000032  c_p.l(libinit2.o)
    0x00000220   0x00000220   0x00000002   Code   RO          814    .ARM.Collect$$libinit$$00000033  c_p.l(libinit2.o)
    0x00000222   0x00000222   0x00000002   Code   RO          851    .ARM.Collect$$libshutdown$$00000000  c_p.l(libshutdown.o)
    0x00000224   0x00000224   0x00000000   Code   RO          879    .ARM.Collect$$libshutdown$$00000002  c_p.l(libshutdown2.o)
    0x00000224   0x00000224   0x00000000   Code   RO          881    .ARM.Collect$$libshutdown$$00000004  c_p.l(libshutdown2.o)
    0x00000224   0x00000224   0x00000000   Code   RO          884    .ARM.Collect$$libshutdown$$00000007  c_p.l(libshutdown2.o)
    0x00000224   0x00000224   0x00000000   Code   RO          887    .ARM.Collect$$libshutdown$$0000000A  c_p.l(libshutdown2.o)
    0x00000224   0x00000224   0x00000000   Code   RO          889    .ARM.Collect$$libshutdown$$0000000C  c_p.l(libshutdown2.o)
    0x00000224   0x00000224   0x00000000   Code   RO          892    .ARM.Collect$$libshutdown$$0000000F  c_p.l(libshutdown2.o)
    0x00000224   0x00000224   0x00000002   Code   RO          893    .ARM.Collect$$libshutdown$$00000010  c_p.l(libshutdown2.o)
    0x00000226   0x00000226   0x00000000   Code   RO          565    .ARM.Collect$$rtentry$$00000000  c_p.l(__rtentry.o)
    0x00000226   0x00000226   0x00000000   Code   RO          672    .ARM.Collect$$rtentry$$00000002  c_p.l(__rtentry2.o)
    0x00000226   0x00000226   0x00000006   Code   RO          684    .ARM.Collect$$rtentry$$00000004  c_p.l(__rtentry4.o)
    0x0000022c   0x0000022c   0x00000000   Code   RO          674    .ARM.Collect$$rtentry$$00000009  c_p.l(__rtentry2.o)
    0x0000022c   0x0000022c   0x00000004   Code   RO          675    .ARM.Collect$$rtentry$$0000000A  c_p.l(__rtentry2.o)
    0x00000230   0x00000230   0x00000000   Code   RO          677    .ARM.Collect$$rtentry$$0000000C  c_p.l(__rtentry2.o)
    0x00000230   0x00000230   0x00000008   Code   RO          678    .ARM.Collect$$rtentry$$0000000D  c_p.l(__rtentry2.o)
    0x00000238   0x00000238   0x00000002   Code   RO          755    .ARM.Collect$$rtexit$$00000000  c_p.l(rtexit.o)
    0x0000023a   0x0000023a   0x00000000   Code   RO          820    .ARM.Collect$$rtexit$$00000002  c_p.l(rtexit2.o)
    0x0000023a   0x0000023a   0x00000004   Code   RO          821    .ARM.Collect$$rtexit$$00000003  c_p.l(rtexit2.o)
    0x0000023e   0x0000023e   0x00000006   Code   RO          822    .ARM.Collect$$rtexit$$00000004  c_p.l(rtexit2.o)
    0x00000244   0x00000244   0x00000074   Code   RO          155  * .text               startup_mdr1986ve1t.o
    0x000002b8   0x000002b8   0x00000038   Code   RO          549    .text               c_p.l(vsnprintf.o)
    0x000002f0   0x000002f0   0x000001f8   Code   RO          553    .text               c_p.l(aeabi_sdivfast.o)
    0x000004e8   0x000004e8   0x00000006   Code   RO          561    .text               c_p.l(heapauxi.o)
    0x000004ee   0x000004ee   0x0000004e   Code   RO          572    .text               c_p.l(_printf_pad.o)
    0x0000053c   0x0000053c   0x00000024   Code   RO          574    .text               c_p.l(_printf_truncate.o)
    0x00000560   0x00000560   0x00000052   Code   RO          576    .text               c_p.l(_printf_str.o)
    0x000005b2   0x000005b2   0x00000002   PAD
    0x000005b4   0x000005b4   0x0000006c   Code   RO          578    .text               c_p.l(_printf_dec.o)
    0x00000620   0x00000620   0x00000026   Code   RO          580    .text               c_p.l(_printf_charcount.o)
    0x00000646   0x00000646   0x00000002   PAD
    0x00000648   0x00000648   0x00000030   Code   RO          582    .text               c_p.l(_printf_char_common.o)
    0x00000678   0x00000678   0x0000000a   Code   RO          584    .text               c_p.l(_sputc.o)
    0x00000682   0x00000682   0x00000010   Code   RO          586    .text               c_p.l(_snputc.o)
    0x00000692   0x00000692   0x00000002   PAD
    0x00000694   0x00000694   0x000000bc   Code   RO          588    .text               c_p.l(_printf_wctomb.o)
    0x00000750   0x00000750   0x00000070   Code   RO          591    .text               c_p.l(_printf_longlong_dec.o)
    0x000007c0   0x000007c0   0x00000070   Code   RO          597    .text               c_p.l(_printf_oct_int_ll.o)
    0x00000830   0x00000830   0x00000098   Code   RO          617    .text               c_p.l(_printf_hex_int_ll_ptr.o)
    0x000008c8   0x000008c8   0x00000188   Code   RO          637    .text               c_p.l(__printf_flags_ss_wp.o)
    0x00000a50   0x00000a50   0x0000007a   Code   RO          688    .text               c_p.l(lludiv10.o)
    0x00000aca   0x00000aca   0x000000b0   Code   RO          690    .text               c_p.l(_printf_intcommon.o)
    0x00000b7a   0x00000b7a   0x00000002   PAD
    0x00000b7c   0x00000b7c   0x00000414   Code   RO          692    .text               c_p.l(_printf_fp_dec.o)
    0x00000f90   0x00000f90   0x000002d8   Code   RO          696    .text               c_p.l(_printf_fp_hex.o)
    0x00001268   0x00001268   0x0000002e   Code   RO          701    .text               c_p.l(_printf_char.o)
    0x00001296   0x00001296   0x0000002e   Code   RO          703    .text               c_p.l(_printf_wchar.o)
    0x000012c4   0x000012c4   0x00000042   Code   RO          706    .text               c_p.l(_c16rtomb.o)
    0x00001306   0x00001306   0x00000028   Code   RO          708    .text               c_p.l(rtudiv10.o)
    0x0000132e   0x0000132e   0x0000003e   Code   RO          710    .text               c_p.l(sys_stackheap_outer.o)
    0x0000136c   0x0000136c   0x00000010   Code   RO          713    .text               c_p.l(rt_ctype_table.o)
    0x0000137c   0x0000137c   0x00000008   Code   RO          718    .text               c_p.l(rt_locale_intlibspace.o)
    0x00001384   0x00001384   0x00000088   Code   RO          720    .text               c_p.l(_printf_fp_infnan.o)
    0x0000140c   0x0000140c   0x000000d8   Code   RO          722    .text               c_p.l(bigflt0.o)
    0x000014e4   0x000014e4   0x00000580   Code   RO          725    .text               c_p.l(btod.o)
    0x00001a64   0x00001a64   0x00000010   Code   RO          734    .text               c_p.l(exit.o)
    0x00001a74   0x00001a74   0x00000008   Code   RO          751    .text               c_p.l(libspace.o)
    0x00001a7c   0x00001a7c   0x000000b0   Code   RO          768    .text               c_p.l(strcmpv6m.o)
    0x00001b2c   0x00001b2c   0x0000000c   Code   RO          815    .text               c_p.l(sys_exit.o)
    0x00001b38   0x00001b38   0x00000002   Code   RO          840    .text               c_p.l(use_no_semi.o)
    0x00001b3a   0x00001b3a   0x00000000   Code   RO          842    .text               c_p.l(indicate_semi.o)
    0x00001b3a   0x00001b3a   0x0000003a   Code   RO          896    .text               c_p.l(__dczerorl.o)
    0x00001b74   0x00001b74   0x00000018   Code   RO          193    .text.DMA_Cmd       mdr32f9qx_dma.o
    0x00001b8c   0x00001b8c   0x00000060   Code   RO          179    .text.DMA_CtrlDataInit  mdr32f9qx_dma.o
    0x00001bec   0x00001bec   0x00000028   Code   RO          175    .text.DMA_DeInit    mdr32f9qx_dma.o
    0x00001c14   0x00001c14   0x00000064   Code   RO          187    .text.DMA_Init      mdr32f9qx_dma.o
    0x00001c78   0x00001c78   0x00000010   Code   RO          195    .text.DMA_Request   mdr32f9qx_dma.o
    0x00001c88   0x00001c88   0x0000000e   Code   RO          189    .text.DMA_StructInit  mdr32f9qx_dma.o
    0x00001c96   0x00001c96   0x00000002   PAD
    0x00001c98   0x00001c98   0x00000010   Code   RO          216    .text.ETH_BRGInit   mdr32f9qx_eth.o
    0x00001ca8   0x00001ca8   0x00000018   Code   RO          218    .text.ETH_ClockCMD  mdr32f9qx_eth.o
    0x00001cc0   0x00001cc0   0x00000010   Code   RO          212    .text.ETH_ClockDeInit  mdr32f9qx_eth.o
    0x00001cd0   0x00001cd0   0x0000004c   Code   RO          260    .text.ETH_DMAFrameRx  mdr32f9qx_eth.o
    0x00001d1c   0x00001d1c   0x00000054   Code   RO          264    .text.ETH_DMAFrameTx  mdr32f9qx_eth.o
    0x00001d70   0x00001d70   0x00000038   Code   RO          232    .text.ETH_DMAPrepare  mdr32f9qx_eth.o
    0x00001da8   0x00001da8   0x00000064   Code   RO          226    .text.ETH_DeInit    mdr32f9qx_eth.o
    0x00001e0c   0x00001e0c   0x00000004   Code   RO          240    .text.ETH_GetMACITStatusRegister  mdr32f9qx_eth.o
    0x00001e10   0x00001e10   0x0000000a   Code   RO          222    .text.ETH_GetPHYStatus  mdr32f9qx_eth.o
    0x00001e1a   0x00001e1a   0x00000110   Code   RO          230    .text.ETH_Init      mdr32f9qx_eth.o
    0x00001f2a   0x00001f2a   0x00000002   PAD
    0x00001f2c   0x00001f2c   0x00000014   Code   RO          238    .text.ETH_MACReceptionCmd  mdr32f9qx_eth.o
    0x00001f40   0x00001f40   0x00000018   Code   RO          236    .text.ETH_MACTransmissionCmd  mdr32f9qx_eth.o
    0x00001f58   0x00001f58   0x00000012   Code   RO          224    .text.ETH_PHYCmd    mdr32f9qx_eth.o
    0x00001f6a   0x00001f6a   0x00000002   PAD
    0x00001f6c   0x00001f6c   0x00000020   Code   RO          214    .text.ETH_PHY_ClockConfig  mdr32f9qx_eth.o
    0x00001f8c   0x00001f8c   0x0000001a   Code   RO          220    .text.ETH_PHY_Reset  mdr32f9qx_eth.o
    0x00001fa6   0x00001fa6   0x00000002   PAD
    0x00001fa8   0x00001fa8   0x00000168   Code   RO          258    .text.ETH_ReceivedFrame  mdr32f9qx_eth.o
    0x00002110   0x00002110   0x000000fc   Code   RO          262    .text.ETH_SendFrame  mdr32f9qx_eth.o
    0x0000220c   0x0000220c   0x00000026   Code   RO          234    .text.ETH_Start     mdr32f9qx_eth.o
    0x00002232   0x00002232   0x00000002   PAD
    0x00002234   0x00002234   0x00000074   Code   RO          228    .text.ETH_StructInit  mdr32f9qx_eth.o
    0x000022a8   0x000022a8   0x0000000c   Code   RO          177    .text.NVIC_ClearPendingIRQ  mdr32f9qx_dma.o
    0x000022b4   0x000022b4   0x000000e8   Code   RO          276    .text.PORT_Init     mdr32f9qx_port.o
    0x0000239c   0x0000239c   0x00000104   Code   RO          372    .text.RST_CLK_GetClocksFreq  mdr32f9qx_rst_clk.o
    0x000024a0   0x000024a0   0x00000024   Code   RO          316    .text.RST_CLK_GetFlagStatus  mdr32f9qx_rst_clk.o
    0x000024c4   0x000024c4   0x00000024   Code   RO          318    .text.RST_CLK_HSE2config  mdr32f9qx_rst_clk.o
    0x000024e8   0x000024e8   0x0000002c   Code   RO          320    .text.RST_CLK_HSE2status  mdr32f9qx_rst_clk.o
    0x00002514   0x00002514   0x0000001c   Code   RO          304    .text.RST_CLK_PCLKcmd  mdr32f9qx_rst_clk.o
    0x00002530   0x00002530   0x00000068   Code   RO          162    .text.SystemCoreClockUpdate  system_mdr1986ve1t.o
    0x00002598   0x00002598   0x0000002c   Code   RO          164    .text.SystemInit    system_mdr1986ve1t.o
    0x000025c4   0x000025c4   0x00000078   Code   RO          538    .text.TIMER_BRGInit  mdr32f9qx_timer.o
    0x0000263c   0x0000263c   0x00000006   Code   RO          530    .text.TIMER_ClearFlag  mdr32f9qx_timer.o
    0x00002642   0x00002642   0x00000010   Code   RO          430    .text.TIMER_Cmd     mdr32f9qx_timer.o
    0x00002652   0x00002652   0x0000000e   Code   RO          446    .text.TIMER_CntEventSourceConfig  mdr32f9qx_timer.o
    0x00002660   0x00002660   0x00000034   Code   RO          426    .text.TIMER_CntInit  mdr32f9qx_timer.o
    0x00002694   0x00002694   0x00000014   Code   RO          428    .text.TIMER_CntStructInit  mdr32f9qx_timer.o
    0x000026a8   0x000026a8   0x00000052   Code   RO          424    .text.TIMER_DeInit  mdr32f9qx_timer.o
    0x000026fa   0x000026fa   0x00000004   Code   RO          434    .text.TIMER_GetCounter  mdr32f9qx_timer.o
    0x000026fe   0x000026fe   0x0000000a   Code   RO          528    .text.TIMER_GetFlagStatus  mdr32f9qx_timer.o
    0x00002708   0x00002708   0x00000004   Code   RO          432    .text.TIMER_SetCounter  mdr32f9qx_timer.o
    0x0000270c   0x0000270c   0x00000038   Code   RO          414    .text.UART_BRGInit  mdr32f9qx_uart.o
    0x00002744   0x00002744   0x0000001c   Code   RO          388    .text.UART_Cmd      mdr32f9qx_uart.o
    0x00002760   0x00002760   0x0000000a   Code   RO          412    .text.UART_GetFlagStatus  mdr32f9qx_uart.o
    0x0000276a   0x0000276a   0x00000002   PAD
    0x0000276c   0x0000276c   0x00000098   Code   RO          384    .text.UART_Init     mdr32f9qx_uart.o
    0x00002804   0x00002804   0x00000004   Code   RO          402    .text.UART_SendData  mdr32f9qx_uart.o
    0x00002808   0x00002808   0x00000040   Code   RO           42    .text._Z10debug_evalP20MDR_ETHERNET_TypeDef  ethernet.o
    0x00002848   0x00002848   0x00000060   Code   RO          104    .text._Z12CalcChecksumPvtt  tcpip.o
    0x000028a8   0x000028a8   0x0000000c   Code   RO           80    .text._Z12TCPStopTimerv  tcpip.o
    0x000028b4   0x000028b4   0x0000007c   Code   RO           25    .text._Z12uart_tx_initv  uart.o
    0x00002930   0x00002930   0x00000036   Code   RO           52    .text._Z13CopyFromFramePvPtj  tcpip.o
    0x00002966   0x00002966   0x00000002   PAD
    0x00002968   0x00002968   0x000001a0   Code   RO           72    .text._Z14DoNetworkStuffP20MDR_ETHERNET_TypeDef  tcpip.o
    0x00002b08   0x00002b08   0x0000002c   Code   RO           58    .text._Z14TCPPassiveOpenv  tcpip.o
    0x00002b34   0x00002b34   0x000002e8   Code   RO           96    .text._Z15ProcessTCPFramev  tcpip.o
    0x00002e1c   0x00002e1c   0x00000040   Code   RO           74    .text._Z15TCPClockHandlerv  tcpip.o
    0x00002e5c   0x00002e5c   0x00000088   Code   RO           56    .text._Z15TCPLowLevelInitv  tcpip.o
    0x00002ee4   0x00002ee4   0x0000000c   Code   RO           76    .text._Z15TCPRestartTimerv  tcpip.o
    0x00002ef0   0x00002ef0   0x0000008c   Code   RO          110    .text._Z16CalcChecksum_TCPPvS_tjh  tcpip.o
    0x00002f7c   0x00002f7c   0x00000138   Code   RO           84    .text._Z16PrepareTCP_FRAMEt  tcpip.o
    0x000030b4   0x000030b4   0x0000001c   Code   RO           94    .text._Z16ProcessICMPFramev  tcpip.o
    0x000030d0   0x000030d0   0x0000002c   Code   RO           82    .text._Z16TCPHandleTimeoutv  tcpip.o
    0x000030fc   0x000030fc   0x0000006c   Code   RO           90    .text._Z17PrepareARP_ANSWERv  tcpip.o
    0x00003168   0x00003168   0x00000144   Code   RO           92    .text._Z17ProcessEthIAFramePjj  tcpip.o
    0x000032ac   0x000032ac   0x00000098   Code   RO           62    .text._Z18PrepareARP_REQUESTv  tcpip.o
    0x00003344   0x00003344   0x0000000c   Code   RO           68    .text._Z18TCPReleaseRxBufferv  tcpip.o
    0x00003350   0x00003350   0x00000020   Code   RO           64    .text._Z18TCPStartRetryTimerv  tcpip.o
    0x00003370   0x00003370   0x0000005c   Code   RO           70    .text._Z19TCPTransmitTxBufferjPh  tcpip.o
    0x000033cc   0x000033cc   0x000000bc   Code   RO          106    .text._Z19standard_chksum_optPvjh  tcpip.o
    0x00003488   0x00003488   0x0000014c   Code   RO           86    .text._Z21PrepareTCP_DATA_FRAMEv  tcpip.o
    0x000035d4   0x000035d4   0x0000001c   Code   RO          100    .text._Z21TCPStartTimeWaitTimerv  tcpip.o
    0x000035f0   0x000035f0   0x000000ec   Code   RO           98    .text._Z22PrepareICMP_ECHO_REPLYv  tcpip.o
    0x000036dc   0x000036dc   0x0000004c   Code   RO           78    .text._Z23TCPHandleRetransmissionv  tcpip.o
    0x00003728   0x00003728   0x00000080   Code   RO           88    .text._Z24ProcessEthBroadcastFramePjj  tcpip.o
    0x000037a8   0x000037a8   0x00000090   Code   RO           29    .text._Z7sendstrPcz  uart.o
    0x00003838   0x00003838   0x00000008   Code   RO          102    .text._Z8WriteWBEPht  tcpip.o
    0x00003840   0x00003840   0x000000b0   Code   RO           40    .text._Z8eth_initRA6_h  ethernet.o
    0x000038f0   0x000038f0   0x00000024   Code   RO           27    .text._Z8sendchari  uart.o
    0x00003914   0x00003914   0x00000004   Code   RO          112    .text._Z9SwapBytest  tcpip.o
    0x00003918   0x00003918   0x00000010   Code   RO          108    .text._Z9WriteDWBEPhj  tcpip.o
    0x00003928   0x00003928   0x000000a0   Code   RO            7    .text.main          main.o
    0x000039c8   0x000039c8   0x000001f6   Code   RO          554    .text_divfast       c_p.l(aeabi_sdivfast.o)
    0x00003bbe   0x00003bbe   0x00000030   Code   RO          727    i.__ARM_common_ll_muluu  c_p.l(btod.o)
    0x00003bee   0x00003bee   0x00000002   PAD
    0x00003bf0   0x00003bf0   0x0000002c   Code   RO          749    i.__ARM_fpclassify  m_ps.l(fpclassify.o)
    0x00003c1c   0x00003c1c   0x0000000e   Code   RO          630    i._is_digit         c_p.l(__printf_wp.o)
    0x00003c2a   0x00003c2a   0x00000002   PAD
    0x00003c2c   0x00003c2c   0x0000002c   Code   RO          732    locale$$code        c_p.l(lc_numeric_c.o)
    0x00003c58   0x00003c58   0x0000002c   Code   RO          762    locale$$code        c_p.l(lc_ctype_c.o)
    0x00003c84   0x00003c84   0x00000010   Code   RO          663    x$fpl$printf1       fz_ps.l(printf1.o)
    0x00003c94   0x00003c94   0x00000010   Code   RO          665    x$fpl$printf2       fz_ps.l(printf2.o)
    0x00003ca4   0x00003ca4   0x00000000   Code   RO          748    x$fpl$usenofp       fz_ps.l(usenofp.o)
    0x00003ca4   0x00003ca4   0x00000008   Data   RO          589    .constdata          c_p.l(_printf_wctomb.o)
    0x00003cac   0x00003cac   0x00000028   Data   RO          618    .constdata          c_p.l(_printf_hex_int_ll_ptr.o)
    0x00003cd4   0x00003cd4   0x00000011   Data   RO          638    .constdata          c_p.l(__printf_flags_ss_wp.o)
    0x00003ce5   0x00003ce5   0x00000026   Data   RO          697    .constdata          c_p.l(_printf_fp_hex.o)
    0x00003d0b   0x00003d0b   0x00000001   PAD
    0x00003d0c   0x00003d0c   0x00000094   Data   RO          723    .constdata          c_p.l(bigflt0.o)
    0x00003da0   0x00003da0   0x00000020   Data   RO          895    Region$$Table       anon$$obj.o
    0x00003dc0   0x00003dc0   0x0000001c   Data   RO          731    locale$$data        c_p.l(lc_numeric_c.o)
    0x00003ddc   0x00003ddc   0x00000110   Data   RO          761    locale$$data        c_p.l(lc_ctype_c.o)


    Execution Region ER_RW (Exec base: 0x20000000, Load base: 0x00004000, Size: 0x00001800, Max: 0xffffffff, ABSOLUTE, COMPRESSED[0x00000038])

    Exec Addr    Load Addr    Size         Type   Attr      Idx    E Section Name        Object

    0x20000000   COMPRESSED   0x00000002   Data   RW          116    .data.Ident         tcpip.o
    0x20000002   COMPRESSED   0x00000002   PAD
    0x20000004   COMPRESSED   0x00000004   Data   RW          166    .data.SystemCoreClock  system_mdr1986ve1t.o
    0x20000008   COMPRESSED   0x00000002   Data   RW          119    .data.TCPRemotePort  tcpip.o
    0x2000000a   COMPRESSED   0x00000002   PAD
    0x2000000c   COMPRESSED   0x000013e4   Data   RW          135    EXECUTABLE_MEMORY_SECTION  tcpip.o
    0x200013f0   COMPRESSED   0x00000010   PAD
    0x20001400   COMPRESSED   0x00000400   Data   RW          203    EXECUTABLE_MEMORY_SECTION  mdr32f9qx_dma.o


    Execution Region ER_ZI (Exec base: 0x20001800, Load base: 0x00004038, Size: 0x000020c0, Max: 0xffffffff, ABSOLUTE)

    Exec Addr    Load Addr    Size         Type   Attr      Idx    E Section Name        Object

    0x20001800        -       0x00000060   Zero   RW          752    .bss                c_p.l(libspace.o)
    0x20001860        -       0x00000004   Zero   RW          139    .bss.EthernetARP_Answer  tcpip.o
    0x20001864        -       0x00000004   Zero   RW          140    .bss.EthernetIP_Frame  tcpip.o
    0x20001868        -       0x00000004   Zero   RW          141    .bss.EthernetTCPIP_Frame  tcpip.o
    0x2000186c        -       0x00000004   Zero   RW          125    .bss.ISNGenHigh     tcpip.o
    0x20001870        -       0x00000001   Zero   RW          124    .bss.LastFrameSent  tcpip.o
    0x20001871   0x00004038   0x00000003   PAD
    0x20001874        -       0x00000004   Zero   RW          133    .bss.RecdFrameIP    tcpip.o
    0x20001878        -       0x00000006   Zero   RW          132    .bss.RecdFrameMAC   tcpip.o
    0x2000187e        -       0x00000002   Zero   RW          134    .bss.RecdIPFrameLength  tcpip.o
    0x20001880        -       0x00000004   Zero   RW          121    .bss.RemoteIP       tcpip.o
    0x20001884        -       0x00000006   Zero   RW          120    .bss.RemoteMAC      tcpip.o
    0x2000188a        -       0x00000001   Zero   RW          130    .bss.RetryCounter   tcpip.o
    0x2000188b        -       0x00000001   Zero   RW          122    .bss.SocketStatus   tcpip.o
    0x2000188c        -       0x00000004   Zero   RW          128    .bss.TCPAckNr       tcpip.o
    0x20001890        -       0x00000001   Zero   RW          143    .bss.TCPFlags       tcpip.o
    0x20001891   0x00004038   0x00000001   PAD
    0x20001892        -       0x00000002   Zero   RW          118    .bss.TCPLocalPort   tcpip.o
    0x20001894        -       0x00000004   Zero   RW          114    .bss.TCPRxDataCount  tcpip.o
    0x20001898        -       0x00000004   Zero   RW          126    .bss.TCPSeqNr       tcpip.o
    0x2000189c        -       0x00000001   Zero   RW          123    .bss.TCPStateMachine  tcpip.o
    0x2000189d        -       0x00000001   Zero   RW          129    .bss.TCPTimer       tcpip.o
    0x2000189e   0x00004038   0x00000002   PAD
    0x200018a0        -       0x00000004   Zero   RW          115    .bss.TCPTxDataCount  tcpip.o
    0x200018a4        -       0x00000004   Zero   RW          127    .bss.TCPUNASeqNr    tcpip.o
    0x200018a8        -       0x00000001   Zero   RW          138    .bss.TransmitControl  tcpip.o
    0x200018a9   0x00004038   0x00000003   PAD
    0x200018ac        -       0x00000004   Zero   RW          136    .bss.TxFrame1Size   tcpip.o
    0x200018b0        -       0x00000004   Zero   RW          137    .bss.TxFrame2Size   tcpip.o
    0x200018b4        -       0x00000001   Zero   RW           31    .bss.init           uart.o
    0x200018b5   0x00004038   0x00000003   PAD
    0x200018b8        -       0x00000004   Zero   RW          142    .bss.pARP           tcpip.o
    0x200018bc        -       0x00000004   Zero   RW          117    .bss.pData          tcpip.o
    0x200018c0        -       0x00001000   Zero   RW          153    HEAP                startup_mdr1986ve1t.o
    0x200028c0        -       0x00001000   Zero   RW          152    STACK               startup_mdr1986ve1t.o


==============================================================================

Image component sizes


      Code (inc. data)   RO Data    RW Data    ZI Data      Debug   Object Name

       240          4          0          0          0      13894   ethernet.o
       160         32          0          0          0       8322   main.o
       302         16          0       1024          0       8919   mdr32f9qx_dma.o
      1544         60          0          0          0      21857   mdr32f9qx_eth.o
       232          4          0          0          0       5508   mdr32f9qx_port.o
       404         16          0          0          0      14434   mdr32f9qx_rst_clk.o
       328         24          0          0          0      25306   mdr32f9qx_timer.o
       250         20          0          0          0       8574   mdr32f9qx_uart.o
       116         28        192          0       8192       1944   startup_mdr1986ve1t.o
       148         24          0          4          0       1635   system_mdr1986ve1t.o
      3838        514          0       5096         83      22798   tcpip.o
       304         52          0          0          1      10804   uart.o

    ----------------------------------------------------------------------
      7880        794        224       6144       8288     143995   Object Totals
         0          0         32          0          0          0   (incl. Generated)
        14          0          0         20         12          0   (incl. Padding)

    ----------------------------------------------------------------------

      Code (inc. data)   RO Data    RW Data    ZI Data      Debug   Library Member Name

        58          0          0          0          0          0   __dczerorl.o
         8          0          0          0          0         68   __main.o
       392          6         17          0          0         76   __printf_flags_ss_wp.o
        14          0          0          0          0         60   __printf_wp.o
         0          0          0          0          0          0   __rtentry.o
        12          0          0          0          0          0   __rtentry2.o
         6          0          0          0          0          0   __rtentry4.o
        60          8          0          0          0          0   __scatter.o
        28          0          0          0          0          0   __scatter_zi.o
        66          0          0          0          0         76   _c16rtomb.o
        10          0          0          0          0          0   _printf_a.o
        10          0          0          0          0          0   _printf_c.o
        46          0          0          0          0        100   _printf_char.o
        48          6          0          0          0         88   _printf_char_common.o
        38          0          0          0          0         60   _printf_charcount.o
        10          0          0          0          0          0   _printf_d.o
       108         18          0          0          0         76   _printf_dec.o
        10          0          0          0          0          0   _printf_e.o
        10          0          0          0          0          0   _printf_f.o
      1044         12          0          0          0        116   _printf_fp_dec.o
       728         10         38          0          0         84   _printf_fp_hex.o
       136         16          0          0          0         76   _printf_fp_infnan.o
        10          0          0          0          0          0   _printf_g.o
       152          4         40          0          0        148   _printf_hex_int_ll_ptr.o
        10          0          0          0          0          0   _printf_i.o
       176          0          0          0          0         84   _printf_intcommon.o
        10          0          0          0          0          0   _printf_l.o
        10          0          0          0          0          0   _printf_lc.o
        10          0          0          0          0          0   _printf_ll.o
        10          0          0          0          0          0   _printf_lld.o
        10          0          0          0          0          0   _printf_lli.o
        10          0          0          0          0          0   _printf_llo.o
        10          0          0          0          0          0   _printf_llu.o
        10          0          0          0          0          0   _printf_llx.o
       112         18          0          0          0         76   _printf_longlong_dec.o
        10          0          0          0          0          0   _printf_ls.o
        10          0          0          0          0          0   _printf_n.o
        10          0          0          0          0          0   _printf_o.o
       112         10          0          0          0        112   _printf_oct_int_ll.o
        10          0          0          0          0          0   _printf_p.o
        78          0          0          0          0        100   _printf_pad.o
         2          0          0          0          0          0   _printf_percent.o
         4          0          0          0          0          0   _printf_percent_end.o
        10          0          0          0          0          0   _printf_s.o
        82          0          0          0          0         72   _printf_str.o
        36          0          0          0          0         76   _printf_truncate.o
        10          0          0          0          0          0   _printf_u.o
        46          0          0          0          0        100   _printf_wchar.o
       188          6          8          0          0         80   _printf_wctomb.o
        10          0          0          0          0          0   _printf_x.o
        16          0          0          0          0         60   _snputc.o
        10          0          0          0          0         60   _sputc.o
      1006          4          0          0          0        184   aeabi_sdivfast.o
       216          6        148          0          0         80   bigflt0.o
      1456         30          0          0          0        336   btod.o
        16          0          0          0          0         68   exit.o
         6          0          0          0          0        136   heapauxi.o
         0          0          0          0          0          0   indicate_semi.o
        44         10        272          0          0         76   lc_ctype_c.o
        44         10         28          0          0         76   lc_numeric_c.o
         2          0          0          0          0          0   libinit.o
        30          0          0          0          0          0   libinit2.o
         2          0          0          0          0          0   libshutdown.o
         2          0          0          0          0          0   libshutdown2.o
         8          4          0          0         96         68   libspace.o
       122          0          0          0          0         72   lludiv10.o
        16          4          0          0          0         76   rt_ctype_table.o
         8          4          0          0          0         68   rt_locale_intlibspace.o
         2          0          0          0          0          0   rtexit.o
        10          0          0          0          0          0   rtexit2.o
        40          0          0          0          0         60   rtudiv10.o
       176          4          0          0          0         80   strcmpv6m.o
        12          4          0          0          0         60   sys_exit.o
        62          0          0          0          0         80   sys_stackheap_outer.o
         2          0          0          0          0         68   use_no_semi.o
        56          6          0          0          0         72   vsnprintf.o
        16          4          0          0          0         76   printf1.o
        16          4          0          0          0         76   printf2.o
         0          0          0          0          0          0   usenofp.o
        44          4          0          0          0         60   fpclassify.o

    ----------------------------------------------------------------------
      7452        212        552          0         96       3720   Library Totals
        12          0          1          0          0          0   (incl. Padding)

    ----------------------------------------------------------------------

      Code (inc. data)   RO Data    RW Data    ZI Data      Debug   Library Name

      7364        200        551          0         96       3508   c_p.l
        32          8          0          0          0        152   fz_ps.l
        44          4          0          0          0         60   m_ps.l

    ----------------------------------------------------------------------
      7452        212        552          0         96       3720   Library Totals

    ----------------------------------------------------------------------

==============================================================================


      Code (inc. data)   RO Data    RW Data    ZI Data      Debug   

     15332       1006        776       6144       8384     145727   Grand Totals
     15332       1006        776         56       8384     145727   ELF Image Totals (compressed)
     15332       1006        776         56          0          0   ROM Totals

==============================================================================

    Total RO  Size (Code + RO Data)                16108 (  15.73kB)
    Total RW  Size (RW Data + ZI Data)             14528 (  14.19kB)
    Total ROM Size (Code + RO Data + RW Data)      16164 (  15.79kB)

==============================================================================

